<!doctype html public "-//w3c//dtd html 4.0 transitional//en">
<html><head>
<title>Static Call Graph - [.\Objects\Template.axf]</title></head>
<body><HR>
<H1>Static Call Graph for image .\Objects\Template.axf</H1><HR>
<BR><P>#&#060CALLGRAPH&#062# ARM Linker, 6120001: Last Updated: Sat Jun 25 19:15:42 2022
<BR><P>
<H3>Maximum Stack Usage =       1936 bytes + Unknown(Functions without stacksize, Cycles, Untraceable Function Pointers)</H3><H3>
Call chain for Maximum Stack Depth:</H3>
ModbusRTUServerClass::poll() &rArr; modbus_reply &rArr; send_msg &rArr; modbus_flush &rArr; Debug_printf &rArr; Arduino_DebugUtils::print(int, const char*, ...) &rArr; Arduino_DebugUtils::printTimestamp() &rArr; __2snprintf &rArr; _printf_char_common &rArr; __printf
<P>
<H3>
Functions with no stack information
</H3><UL>
 <LI><a href="#[123]">__user_initial_stackheap</a>
 <LI><a href="#[5b]">__cxa_pure_virtual</a>
 <LI><a href="#[261]">abort_message</a>
</UL>
</UL>
<P>
<H3>
Mutually Recursive functions
</H3> <LI><a href="#[1]">NMI_Handler</a>&nbsp;&nbsp;&nbsp;&rArr;&nbsp;&nbsp;&nbsp;<a href="#[1]">NMI_Handler</a><BR>
 <LI><a href="#[2]">HardFault_Handler</a>&nbsp;&nbsp;&nbsp;&rArr;&nbsp;&nbsp;&nbsp;<a href="#[2]">HardFault_Handler</a><BR>
 <LI><a href="#[3]">SVC_Handler</a>&nbsp;&nbsp;&nbsp;&rArr;&nbsp;&nbsp;&nbsp;<a href="#[3]">SVC_Handler</a><BR>
 <LI><a href="#[4]">PendSV_Handler</a>&nbsp;&nbsp;&nbsp;&rArr;&nbsp;&nbsp;&nbsp;<a href="#[4]">PendSV_Handler</a><BR>
 <LI><a href="#[1e]">ADC_DAC_IRQHandler</a>&nbsp;&nbsp;&nbsp;&rArr;&nbsp;&nbsp;&nbsp;<a href="#[1e]">ADC_DAC_IRQHandler</a><BR>
 <LI><a href="#[146]">LLA_UART_Printf</a>&nbsp;&nbsp;&nbsp;&rArr;&nbsp;&nbsp;&nbsp;<a href="#[147]">LLA_errorCode_Handler</a><BR>
 <LI><a href="#[16a]">LLA_UART_WriteBuffer</a>&nbsp;&nbsp;&nbsp;&rArr;&nbsp;&nbsp;&nbsp;<a href="#[147]">LLA_errorCode_Handler</a><BR>
 <LI><a href="#[15f]">get_uart</a>&nbsp;&nbsp;&nbsp;&rArr;&nbsp;&nbsp;&nbsp;<a href="#[147]">LLA_errorCode_Handler</a><BR>
 <LI><a href="#[1ff]">T1::result_type ArduinoJson6185_11::VariantData::accept&lang;ArduinoJson6185_11::JsonSerializer&lang;ArduinoJson6185_11::Writer&lang;HardwareSerial, void&rang;&rang;&rang;(T1&) const</a>&nbsp;&nbsp;&nbsp;&rArr;&nbsp;&nbsp;&nbsp;<a href="#[1ff]">T1::result_type ArduinoJson6185_11::VariantData::accept&lang;ArduinoJson6185_11::JsonSerializer&lang;ArduinoJson6185_11::Writer&lang;HardwareSerial, void&rang;&rang;&rang;(T1&) const</a><BR>
 <LI><a href="#[213]">ArduinoJson6185_11::JsonSerializer&lang;ArduinoJson6185_11::Writer&lang;HardwareSerial, void&rang;&rang;::visitObject(const ArduinoJson6185_11::CollectionData&)</a>&nbsp;&nbsp;&nbsp;&rArr;&nbsp;&nbsp;&nbsp;<a href="#[1ff]">T1::result_type ArduinoJson6185_11::VariantData::accept&lang;ArduinoJson6185_11::JsonSerializer&lang;ArduinoJson6185_11::Writer&lang;HardwareSerial, void&rang;&rang;&rang;(T1&) const</a><BR>
</UL>
<P>
<H3>
Function Pointers
</H3><UL>
 <LI><a href="#[1e]">ADC_DAC_IRQHandler</a> from startup_hc32l19x.o(.text) referenced from startup_hc32l19x.o(RESET)
 <LI><a href="#[22]">CAN_IRQHandler</a> from startup_hc32l19x.o(.text) referenced from startup_hc32l19x.o(RESET)
 <LI><a href="#[25]">CLKTRIM_CTS_IRQHandler</a> from startup_hc32l19x.o(.text) referenced from startup_hc32l19x.o(RESET)
 <LI><a href="#[a]">DMAC_IRQHandler</a> from startup_hc32l19x.o(.text) referenced from startup_hc32l19x.o(RESET)
 <LI><a href="#[24]">FLASH_RAM_IRQHandler</a> from startup_hc32l19x.o(.text) referenced from startup_hc32l19x.o(RESET)
 <LI><a href="#[2]">HardFault_Handler</a> from startup_hc32l19x.o(.text) referenced from startup_hc32l19x.o(RESET)
 <LI><a href="#[12]">I2C0_IRQHandler</a> from startup_hc32l19x.o(.text) referenced from startup_hc32l19x.o(RESET)
 <LI><a href="#[13]">I2C1_IRQHandler</a> from startup_hc32l19x.o(.text) referenced from startup_hc32l19x.o(RESET)
 <LI><a href="#[23]">LCD_IRQHandler</a> from startup_hc32l19x.o(.text) referenced from startup_hc32l19x.o(RESET)
 <LI><a href="#[17]">LPTIM0_1_IRQHandler</a> from startup_hc32l19x.o(.text) referenced from startup_hc32l19x.o(RESET)
 <LI><a href="#[e]">LPUART0_IRQHandler</a> from startup_hc32l19x.o(.text) referenced from startup_hc32l19x.o(RESET)
 <LI><a href="#[f]">LPUART1_IRQHandler</a> from startup_hc32l19x.o(.text) referenced from startup_hc32l19x.o(RESET)
 <LI><a href="#[1]">NMI_Handler</a> from startup_hc32l19x.o(.text) referenced from startup_hc32l19x.o(RESET)
 <LI><a href="#[1b]">PCA_IRQHandler</a> from startup_hc32l19x.o(.text) referenced from startup_hc32l19x.o(RESET)
 <LI><a href="#[1f]">PCNT_IRQHandler</a> from startup_hc32l19x.o(.text) referenced from startup_hc32l19x.o(RESET)
 <LI><a href="#[6]">PORTA_IRQHandler</a> from lla_exti.o(.text.PORTA_IRQHandler) referenced from startup_hc32l19x.o(RESET)
 <LI><a href="#[7]">PORTB_IRQHandler</a> from lla_exti.o(.text.PORTB_IRQHandler) referenced from startup_hc32l19x.o(RESET)
 <LI><a href="#[8]">PORTC_E_IRQHandler</a> from lla_exti.o(.text.PORTC_E_IRQHandler) referenced from startup_hc32l19x.o(RESET)
 <LI><a href="#[9]">PORTD_F_IRQHandler</a> from lla_exti.o(.text.PORTD_F_IRQHandler) referenced from startup_hc32l19x.o(RESET)
 <LI><a href="#[4]">PendSV_Handler</a> from startup_hc32l19x.o(.text) referenced from startup_hc32l19x.o(RESET)
 <LI><a href="#[1d]">RTC_IRQHandler</a> from startup_hc32l19x.o(.text) referenced from startup_hc32l19x.o(RESET)
 <LI><a href="#[0]">Reset_Handler</a> from startup_hc32l19x.o(.text) referenced from startup_hc32l19x.o(RESET)
 <LI><a href="#[10]">SPI0_I2S0_IRQHandler</a> from startup_hc32l19x.o(.text) referenced from startup_hc32l19x.o(RESET)
 <LI><a href="#[11]">SPI1_I2S1_IRQHandler</a> from startup_hc32l19x.o(.text) referenced from startup_hc32l19x.o(RESET)
 <LI><a href="#[3]">SVC_Handler</a> from startup_hc32l19x.o(.text) referenced from startup_hc32l19x.o(RESET)
 <LI><a href="#[5]">SysTick_Handler</a> from lla_sys_time.o(.text.SysTick_Handler) referenced from startup_hc32l19x.o(RESET)
 <LI><a href="#[26]">SystemInit</a> from system_hc32l19x.o(.text.SystemInit) referenced from startup_hc32l19x.o(.text)
 <LI><a href="#[14]">TIM0_IRQHandler</a> from lla_timer.o(.text.TIM0_IRQHandler) referenced from startup_hc32l19x.o(RESET)
 <LI><a href="#[15]">TIM1_IRQHandler</a> from lla_timer.o(.text.TIM1_IRQHandler) referenced from startup_hc32l19x.o(RESET)
 <LI><a href="#[16]">TIM2_IRQHandler</a> from lla_timer.o(.text.TIM2_IRQHandler) referenced from startup_hc32l19x.o(RESET)
 <LI><a href="#[b]">TIM3_IRQHandler</a> from lla_advanceio.o(.text.TIM3_IRQHandler) referenced from startup_hc32l19x.o(RESET)
 <LI><a href="#[18]">TIM4_IRQHandler</a> from startup_hc32l19x.o(.text) referenced from startup_hc32l19x.o(RESET)
 <LI><a href="#[19]">TIM5_IRQHandler</a> from startup_hc32l19x.o(.text) referenced from startup_hc32l19x.o(RESET)
 <LI><a href="#[1a]">TIM6_IRQHandler</a> from startup_hc32l19x.o(.text) referenced from startup_hc32l19x.o(RESET)
 <LI><a href="#[c]">UART0_2_IRQHandler</a> from lla_uart.o(.text.UART0_2_IRQHandler) referenced from startup_hc32l19x.o(RESET)
 <LI><a href="#[d]">UART1_3_IRQHandler</a> from lla_uart.o(.text.UART1_3_IRQHandler) referenced from startup_hc32l19x.o(RESET)
 <LI><a href="#[21]">USBFS_IRQHandler</a> from startup_hc32l19x.o(.text) referenced from startup_hc32l19x.o(RESET)
 <LI><a href="#[20]">VC0_1_2_LVD_IRQHandler</a> from startup_hc32l19x.o(.text) referenced from startup_hc32l19x.o(RESET)
 <LI><a href="#[1c]">WDT_IRQHandler</a> from startup_hc32l19x.o(.text) referenced from startup_hc32l19x.o(RESET)
 <LI><a href="#[7c]">_GLOBAL__sub_I_Adafruit_MQTT_Client.cpp</a> from adafruit_mqtt_client.o(.text._GLOBAL__sub_I_Adafruit_MQTT_Client.cpp) referenced from adafruit_mqtt_client.o(.init_array)
 <LI><a href="#[70]">_GLOBAL__sub_I_Dhcp.cpp</a> from dhcp.o(.text._GLOBAL__sub_I_Dhcp.cpp) referenced from dhcp.o(.init_array)
 <LI><a href="#[71]">_GLOBAL__sub_I_Dns.cpp</a> from dns.o(.text._GLOBAL__sub_I_Dns.cpp) referenced from dns.o(.init_array)
 <LI><a href="#[72]">_GLOBAL__sub_I_Ethernet.cpp</a> from ethernet.o(.text._GLOBAL__sub_I_Ethernet.cpp) referenced from ethernet.o(.init_array)
 <LI><a href="#[73]">_GLOBAL__sub_I_EthernetClient.cpp</a> from ethernetclient.o(.text._GLOBAL__sub_I_EthernetClient.cpp) referenced from ethernetclient.o(.init_array)
 <LI><a href="#[74]">_GLOBAL__sub_I_EthernetServer.cpp</a> from ethernetserver.o(.text._GLOBAL__sub_I_EthernetServer.cpp) referenced from ethernetserver.o(.init_array)
 <LI><a href="#[75]">_GLOBAL__sub_I_EthernetUdp.cpp</a> from ethernetudp.o(.text._GLOBAL__sub_I_EthernetUdp.cpp) referenced from ethernetudp.o(.init_array)
 <LI><a href="#[6c]">_GLOBAL__sub_I_HardwareSerial.cpp</a> from hardwareserial.o(.text._GLOBAL__sub_I_HardwareSerial.cpp) referenced from hardwareserial.o(.init_array)
 <LI><a href="#[6d]">_GLOBAL__sub_I_IPAddress.cpp</a> from ipaddress.o(.text._GLOBAL__sub_I_IPAddress.cpp) referenced from ipaddress.o(.init_array)
 <LI><a href="#[78]">_GLOBAL__sub_I_ModbusRTUClient.cpp</a> from modbusrtuclient.o(.text._GLOBAL__sub_I_ModbusRTUClient.cpp) referenced from modbusrtuclient.o(.init_array)
 <LI><a href="#[79]">_GLOBAL__sub_I_ModbusRTUServer.cpp</a> from modbusrtuserver.o(.text._GLOBAL__sub_I_ModbusRTUServer.cpp) referenced from modbusrtuserver.o(.init_array)
 <LI><a href="#[7a]">_GLOBAL__sub_I_ModbusTCPClient.cpp</a> from modbustcpclient.o(.text._GLOBAL__sub_I_ModbusTCPClient.cpp) referenced from modbustcpclient.o(.init_array)
 <LI><a href="#[7b]">_GLOBAL__sub_I_ModbusTCPServer.cpp</a> from modbustcpserver.o(.text._GLOBAL__sub_I_ModbusTCPServer.cpp) referenced from modbustcpserver.o(.init_array)
 <LI><a href="#[7d]">_GLOBAL__sub_I_NTPClient.cpp</a> from ntpclient.o(.text._GLOBAL__sub_I_NTPClient.cpp) referenced from ntpclient.o(.init_array)
 <LI><a href="#[6e]">_GLOBAL__sub_I_Wire.cpp</a> from wire.o(.text._GLOBAL__sub_I_Wire.cpp) referenced from wire.o(.init_array)
 <LI><a href="#[6b]">_GLOBAL__sub_I_main.cpp</a> from main.o(.text._GLOBAL__sub_I_main.cpp) referenced from main.o(.init_array)
 <LI><a href="#[77]">_GLOBAL__sub_I_modbus_tcp.cpp</a> from modbus-tcp.o(.text._GLOBAL__sub_I_modbus_tcp.cpp) referenced from modbus-tcp.o(.init_array)
 <LI><a href="#[76]">_GLOBAL__sub_I_socket.cpp</a> from socket.o(.text._GLOBAL__sub_I_socket.cpp) referenced from socket.o(.init_array)
 <LI><a href="#[6f]">_GLOBAL__sub_I_w5100.cpp</a> from w5100.o(.text._GLOBAL__sub_I_w5100.cpp) referenced from w5100.o(.init_array)
 <LI><a href="#[57]">RS485Class::end()</a> from rs485.o(.text._ZN10RS485Class3endEv) referenced from rs485.o(.rodata._ZTV10RS485Class)
 <LI><a href="#[52]">RS485Class::peek()</a> from rs485.o(.text._ZN10RS485Class4peekEv) referenced from rs485.o(.rodata._ZTV10RS485Class)
 <LI><a href="#[51]">RS485Class::read()</a> from rs485.o(.text._ZN10RS485Class4readEv) referenced from rs485.o(.rodata._ZTV10RS485Class)
 <LI><a href="#[53]">RS485Class::begin(unsigned long)</a> from rs485.o(.text._ZN10RS485Class5beginEm) referenced from rs485.o(.rodata._ZTV10RS485Class)
 <LI><a href="#[55]">RS485Class::begin(unsigned long, int, int)</a> from rs485.o(.text._ZN10RS485Class5beginEmii) referenced from rs485.o(.rodata._ZTV10RS485Class)
 <LI><a href="#[54]">RS485Class::begin(unsigned long, unsigned short)</a> from rs485.o(.text._ZN10RS485Class5beginEmt) referenced from rs485.o(.rodata._ZTV10RS485Class)
 <LI><a href="#[56]">RS485Class::begin(unsigned long, unsigned short, int, int)</a> from rs485.o(.text._ZN10RS485Class5beginEmtii) referenced from rs485.o(.rodata._ZTV10RS485Class)
 <LI><a href="#[4f]">RS485Class::flush()</a> from rs485.o(.text._ZN10RS485Class5flushEv) referenced from rs485.o(.rodata._ZTV10RS485Class)
 <LI><a href="#[31]">RS485Class::write(unsigned char)</a> from rs485.o(.text._ZN10RS485Class5writeEh) referenced from rs485.o(.rodata._ZTV10RS485Class)
 <LI><a href="#[50]">RS485Class::available()</a> from rs485.o(.text._ZN10RS485Class9availableEv) referenced from rs485.o(.rodata._ZTV10RS485Class)
 <LI><a href="#[58]">RS485Class::operator bool()</a> from rs485.o(.text._ZN10RS485ClasscvbEv) referenced from rs485.o(.rodata._ZTV10RS485Class)
 <LI><a href="#[5a]">ModbusClient::~ModbusClient__deallocating()</a> from modbusclient.o(.text._ZN12ModbusClientD0Ev) referenced from modbusclient.o(.rodata._ZTV12ModbusClient)
 <LI><a href="#[59]">ModbusClient::~ModbusClient__sub_object()</a> from modbusclient.o(.text._ZN12ModbusClientD2Ev) referenced from modbusclient.o(.rodata._ZTV12ModbusClient)
 <LI><a href="#[5d]">ModbusServer::~ModbusServer__deallocating()</a> from modbusserver.o(.text._ZN12ModbusServerD0Ev) referenced from modbusserver.o(.rodata._ZTV12ModbusServer)
 <LI><a href="#[5c]">ModbusServer::~ModbusServer__sub_object()</a> from modbusserver.o(.text._ZN12ModbusServerD2Ev) referenced from modbusserver.o(.rodata._ZTV12ModbusServer)
 <LI><a href="#[62]">HardwareSerial::peek()</a> from hardwareserial.o(.text._ZN14HardwareSerial4peekEv) referenced from hardwareserial.o(.rodata._ZTV14HardwareSerial)
 <LI><a href="#[61]">HardwareSerial::read()</a> from hardwareserial.o(.text._ZN14HardwareSerial4readEv) referenced from hardwareserial.o(.rodata._ZTV14HardwareSerial)
 <LI><a href="#[5f]">HardwareSerial::flush()</a> from hardwareserial.o(.text._ZN14HardwareSerial5flushEv) referenced from hardwareserial.o(.rodata._ZTV14HardwareSerial)
 <LI><a href="#[5e]">HardwareSerial::write(unsigned char)</a> from hardwareserial.o(.text._ZN14HardwareSerial5writeEh) referenced from hardwareserial.o(.rodata._ZTV14HardwareSerial)
 <LI><a href="#[60]">HardwareSerial::available()</a> from hardwareserial.o(.text._ZN14HardwareSerial9availableEv) referenced from hardwareserial.o(.rodata._ZTV14HardwareSerial)
 <LI><a href="#[63]">ModbusRTUClientClass::~ModbusRTUClientClass__deallocating()</a> from modbusrtuclient.o(.text._ZN20ModbusRTUClientClassD0Ev) referenced from modbusrtuclient.o(.rodata._ZTV20ModbusRTUClientClass)
 <LI><a href="#[2d]">ModbusRTUClientClass::~ModbusRTUClientClass__sub_object()</a> from modbusrtuclient.o(.text._ZN20ModbusRTUClientClassD2Ev) referenced from modbusrtuclient.o(.rodata._ZTV20ModbusRTUClientClass)
 <LI><a href="#[2d]">ModbusRTUClientClass::~ModbusRTUClientClass__sub_object()</a> from modbusrtuclient.o(.text._ZN20ModbusRTUClientClassD2Ev) referenced from modbusrtuclient.o(.text.__cxx_global_var_init)
 <LI><a href="#[64]">ModbusRTUServerClass::poll()</a> from modbusrtuserver.o(.text._ZN20ModbusRTUServerClass4pollEv) referenced from modbusrtuserver.o(.rodata._ZTV20ModbusRTUServerClass)
 <LI><a href="#[65]">ModbusRTUServerClass::~ModbusRTUServerClass__deallocating()</a> from modbusrtuserver.o(.text._ZN20ModbusRTUServerClassD0Ev) referenced from modbusrtuserver.o(.rodata._ZTV20ModbusRTUServerClass)
 <LI><a href="#[2e]">ModbusRTUServerClass::~ModbusRTUServerClass__sub_object()</a> from modbusrtuserver.o(.text._ZN20ModbusRTUServerClassD2Ev) referenced from modbusrtuserver.o(.rodata._ZTV20ModbusRTUServerClass)
 <LI><a href="#[2e]">ModbusRTUServerClass::~ModbusRTUServerClass__sub_object()</a> from modbusrtuserver.o(.text._ZN20ModbusRTUServerClassD2Ev) referenced from modbusrtuserver.o(.text.__cxx_global_var_init)
 <LI><a href="#[66]">Print::flush()</a> from hardwareserial.o(.text._ZN5Print5flushEv) referenced from print.o(.rodata._ZTV5Print)
 <LI><a href="#[66]">Print::flush()</a> from hardwareserial.o(.text._ZN5Print5flushEv) referenced from hardwareserial.o(.rodata._ZTV6Stream)
 <LI><a href="#[3f]">Print::print(const __FlashStringHelper*)</a> from print.o(.text._ZN5Print5printEPK19__FlashStringHelper) referenced from rs485.o(.rodata._ZTV10RS485Class)
 <LI><a href="#[3f]">Print::print(const __FlashStringHelper*)</a> from print.o(.text._ZN5Print5printEPK19__FlashStringHelper) referenced from hardwareserial.o(.rodata._ZTV14HardwareSerial)
 <LI><a href="#[3f]">Print::print(const __FlashStringHelper*)</a> from print.o(.text._ZN5Print5printEPK19__FlashStringHelper) referenced from print.o(.rodata._ZTV5Print)
 <LI><a href="#[3f]">Print::print(const __FlashStringHelper*)</a> from print.o(.text._ZN5Print5printEPK19__FlashStringHelper) referenced from hardwareserial.o(.rodata._ZTV6Stream)
 <LI><a href="#[36]">Print::print(const char*)</a> from print.o(.text._ZN5Print5printEPKc) referenced from rs485.o(.rodata._ZTV10RS485Class)
 <LI><a href="#[36]">Print::print(const char*)</a> from print.o(.text._ZN5Print5printEPKc) referenced from hardwareserial.o(.rodata._ZTV14HardwareSerial)
 <LI><a href="#[36]">Print::print(const char*)</a> from print.o(.text._ZN5Print5printEPKc) referenced from print.o(.rodata._ZTV5Print)
 <LI><a href="#[36]">Print::print(const char*)</a> from print.o(.text._ZN5Print5printEPKc) referenced from hardwareserial.o(.rodata._ZTV6Stream)
 <LI><a href="#[34]">Print::print(const String&)</a> from print.o(.text._ZN5Print5printERK6String) referenced from rs485.o(.rodata._ZTV10RS485Class)
 <LI><a href="#[34]">Print::print(const String&)</a> from print.o(.text._ZN5Print5printERK6String) referenced from hardwareserial.o(.rodata._ZTV14HardwareSerial)
 <LI><a href="#[34]">Print::print(const String&)</a> from print.o(.text._ZN5Print5printERK6String) referenced from print.o(.rodata._ZTV5Print)
 <LI><a href="#[34]">Print::print(const String&)</a> from print.o(.text._ZN5Print5printERK6String) referenced from hardwareserial.o(.rodata._ZTV6Stream)
 <LI><a href="#[40]">Print::print(const Printable&)</a> from print.o(.text._ZN5Print5printERK9Printable) referenced from rs485.o(.rodata._ZTV10RS485Class)
 <LI><a href="#[40]">Print::print(const Printable&)</a> from print.o(.text._ZN5Print5printERK9Printable) referenced from hardwareserial.o(.rodata._ZTV14HardwareSerial)
 <LI><a href="#[40]">Print::print(const Printable&)</a> from print.o(.text._ZN5Print5printERK9Printable) referenced from print.o(.rodata._ZTV5Print)
 <LI><a href="#[40]">Print::print(const Printable&)</a> from print.o(.text._ZN5Print5printERK9Printable) referenced from hardwareserial.o(.rodata._ZTV6Stream)
 <LI><a href="#[35]">Print::print(char)</a> from print.o(.text._ZN5Print5printEc) referenced from rs485.o(.rodata._ZTV10RS485Class)
 <LI><a href="#[35]">Print::print(char)</a> from print.o(.text._ZN5Print5printEc) referenced from hardwareserial.o(.rodata._ZTV14HardwareSerial)
 <LI><a href="#[35]">Print::print(char)</a> from print.o(.text._ZN5Print5printEc) referenced from print.o(.rodata._ZTV5Print)
 <LI><a href="#[35]">Print::print(char)</a> from print.o(.text._ZN5Print5printEc) referenced from hardwareserial.o(.rodata._ZTV6Stream)
 <LI><a href="#[3e]">Print::print(double, int)</a> from print.o(.text._ZN5Print5printEdi) referenced from rs485.o(.rodata._ZTV10RS485Class)
 <LI><a href="#[3e]">Print::print(double, int)</a> from print.o(.text._ZN5Print5printEdi) referenced from hardwareserial.o(.rodata._ZTV14HardwareSerial)
 <LI><a href="#[3e]">Print::print(double, int)</a> from print.o(.text._ZN5Print5printEdi) referenced from print.o(.rodata._ZTV5Print)
 <LI><a href="#[3e]">Print::print(double, int)</a> from print.o(.text._ZN5Print5printEdi) referenced from hardwareserial.o(.rodata._ZTV6Stream)
 <LI><a href="#[37]">Print::print(unsigned char, int)</a> from print.o(.text._ZN5Print5printEhi) referenced from rs485.o(.rodata._ZTV10RS485Class)
 <LI><a href="#[37]">Print::print(unsigned char, int)</a> from print.o(.text._ZN5Print5printEhi) referenced from hardwareserial.o(.rodata._ZTV14HardwareSerial)
 <LI><a href="#[37]">Print::print(unsigned char, int)</a> from print.o(.text._ZN5Print5printEhi) referenced from print.o(.rodata._ZTV5Print)
 <LI><a href="#[37]">Print::print(unsigned char, int)</a> from print.o(.text._ZN5Print5printEhi) referenced from hardwareserial.o(.rodata._ZTV6Stream)
 <LI><a href="#[38]">Print::print(int, int)</a> from print.o(.text._ZN5Print5printEii) referenced from rs485.o(.rodata._ZTV10RS485Class)
 <LI><a href="#[38]">Print::print(int, int)</a> from print.o(.text._ZN5Print5printEii) referenced from hardwareserial.o(.rodata._ZTV14HardwareSerial)
 <LI><a href="#[38]">Print::print(int, int)</a> from print.o(.text._ZN5Print5printEii) referenced from print.o(.rodata._ZTV5Print)
 <LI><a href="#[38]">Print::print(int, int)</a> from print.o(.text._ZN5Print5printEii) referenced from hardwareserial.o(.rodata._ZTV6Stream)
 <LI><a href="#[39]">Print::print(unsigned, int)</a> from print.o(.text._ZN5Print5printEji) referenced from rs485.o(.rodata._ZTV10RS485Class)
 <LI><a href="#[39]">Print::print(unsigned, int)</a> from print.o(.text._ZN5Print5printEji) referenced from hardwareserial.o(.rodata._ZTV14HardwareSerial)
 <LI><a href="#[39]">Print::print(unsigned, int)</a> from print.o(.text._ZN5Print5printEji) referenced from print.o(.rodata._ZTV5Print)
 <LI><a href="#[39]">Print::print(unsigned, int)</a> from print.o(.text._ZN5Print5printEji) referenced from hardwareserial.o(.rodata._ZTV6Stream)
 <LI><a href="#[3a]">Print::print(long, int)</a> from print.o(.text._ZN5Print5printEli) referenced from rs485.o(.rodata._ZTV10RS485Class)
 <LI><a href="#[3a]">Print::print(long, int)</a> from print.o(.text._ZN5Print5printEli) referenced from hardwareserial.o(.rodata._ZTV14HardwareSerial)
 <LI><a href="#[3a]">Print::print(long, int)</a> from print.o(.text._ZN5Print5printEli) referenced from print.o(.rodata._ZTV5Print)
 <LI><a href="#[3a]">Print::print(long, int)</a> from print.o(.text._ZN5Print5printEli) referenced from hardwareserial.o(.rodata._ZTV6Stream)
 <LI><a href="#[3b]">Print::print(unsigned long, int)</a> from print.o(.text._ZN5Print5printEmi) referenced from rs485.o(.rodata._ZTV10RS485Class)
 <LI><a href="#[3b]">Print::print(unsigned long, int)</a> from print.o(.text._ZN5Print5printEmi) referenced from hardwareserial.o(.rodata._ZTV14HardwareSerial)
 <LI><a href="#[3b]">Print::print(unsigned long, int)</a> from print.o(.text._ZN5Print5printEmi) referenced from print.o(.rodata._ZTV5Print)
 <LI><a href="#[3b]">Print::print(unsigned long, int)</a> from print.o(.text._ZN5Print5printEmi) referenced from hardwareserial.o(.rodata._ZTV6Stream)
 <LI><a href="#[3c]">Print::print(long long, int)</a> from print.o(.text._ZN5Print5printExi) referenced from rs485.o(.rodata._ZTV10RS485Class)
 <LI><a href="#[3c]">Print::print(long long, int)</a> from print.o(.text._ZN5Print5printExi) referenced from hardwareserial.o(.rodata._ZTV14HardwareSerial)
 <LI><a href="#[3c]">Print::print(long long, int)</a> from print.o(.text._ZN5Print5printExi) referenced from print.o(.rodata._ZTV5Print)
 <LI><a href="#[3c]">Print::print(long long, int)</a> from print.o(.text._ZN5Print5printExi) referenced from hardwareserial.o(.rodata._ZTV6Stream)
 <LI><a href="#[3d]">Print::print(unsigned long long, int)</a> from print.o(.text._ZN5Print5printEyi) referenced from rs485.o(.rodata._ZTV10RS485Class)
 <LI><a href="#[3d]">Print::print(unsigned long long, int)</a> from print.o(.text._ZN5Print5printEyi) referenced from hardwareserial.o(.rodata._ZTV14HardwareSerial)
 <LI><a href="#[3d]">Print::print(unsigned long long, int)</a> from print.o(.text._ZN5Print5printEyi) referenced from print.o(.rodata._ZTV5Print)
 <LI><a href="#[3d]">Print::print(unsigned long long, int)</a> from print.o(.text._ZN5Print5printEyi) referenced from hardwareserial.o(.rodata._ZTV6Stream)
 <LI><a href="#[32]">Print::write(const char*)</a> from print.o(.text._ZN5Print5writeEPKc) referenced from rs485.o(.rodata._ZTV10RS485Class)
 <LI><a href="#[32]">Print::write(const char*)</a> from print.o(.text._ZN5Print5writeEPKc) referenced from hardwareserial.o(.rodata._ZTV14HardwareSerial)
 <LI><a href="#[32]">Print::write(const char*)</a> from print.o(.text._ZN5Print5writeEPKc) referenced from print.o(.rodata._ZTV5Print)
 <LI><a href="#[32]">Print::write(const char*)</a> from print.o(.text._ZN5Print5writeEPKc) referenced from hardwareserial.o(.rodata._ZTV6Stream)
 <LI><a href="#[33]">Print::write(const void*, unsigned)</a> from print.o(.text._ZN5Print5writeEPKvj) referenced from rs485.o(.rodata._ZTV10RS485Class)
 <LI><a href="#[33]">Print::write(const void*, unsigned)</a> from print.o(.text._ZN5Print5writeEPKvj) referenced from hardwareserial.o(.rodata._ZTV14HardwareSerial)
 <LI><a href="#[33]">Print::write(const void*, unsigned)</a> from print.o(.text._ZN5Print5writeEPKvj) referenced from print.o(.rodata._ZTV5Print)
 <LI><a href="#[33]">Print::write(const void*, unsigned)</a> from print.o(.text._ZN5Print5writeEPKvj) referenced from hardwareserial.o(.rodata._ZTV6Stream)
 <LI><a href="#[4d]">Print::println(const __FlashStringHelper*)</a> from print.o(.text._ZN5Print7printlnEPK19__FlashStringHelper) referenced from rs485.o(.rodata._ZTV10RS485Class)
 <LI><a href="#[4d]">Print::println(const __FlashStringHelper*)</a> from print.o(.text._ZN5Print7printlnEPK19__FlashStringHelper) referenced from hardwareserial.o(.rodata._ZTV14HardwareSerial)
 <LI><a href="#[4d]">Print::println(const __FlashStringHelper*)</a> from print.o(.text._ZN5Print7printlnEPK19__FlashStringHelper) referenced from print.o(.rodata._ZTV5Print)
 <LI><a href="#[4d]">Print::println(const __FlashStringHelper*)</a> from print.o(.text._ZN5Print7printlnEPK19__FlashStringHelper) referenced from hardwareserial.o(.rodata._ZTV6Stream)
 <LI><a href="#[44]">Print::println(const char*)</a> from print.o(.text._ZN5Print7printlnEPKc) referenced from rs485.o(.rodata._ZTV10RS485Class)
 <LI><a href="#[44]">Print::println(const char*)</a> from print.o(.text._ZN5Print7printlnEPKc) referenced from hardwareserial.o(.rodata._ZTV14HardwareSerial)
 <LI><a href="#[44]">Print::println(const char*)</a> from print.o(.text._ZN5Print7printlnEPKc) referenced from print.o(.rodata._ZTV5Print)
 <LI><a href="#[44]">Print::println(const char*)</a> from print.o(.text._ZN5Print7printlnEPKc) referenced from hardwareserial.o(.rodata._ZTV6Stream)
 <LI><a href="#[42]">Print::println(const String&)</a> from print.o(.text._ZN5Print7printlnERK6String) referenced from rs485.o(.rodata._ZTV10RS485Class)
 <LI><a href="#[42]">Print::println(const String&)</a> from print.o(.text._ZN5Print7printlnERK6String) referenced from hardwareserial.o(.rodata._ZTV14HardwareSerial)
 <LI><a href="#[42]">Print::println(const String&)</a> from print.o(.text._ZN5Print7printlnERK6String) referenced from print.o(.rodata._ZTV5Print)
 <LI><a href="#[42]">Print::println(const String&)</a> from print.o(.text._ZN5Print7printlnERK6String) referenced from hardwareserial.o(.rodata._ZTV6Stream)
 <LI><a href="#[4e]">Print::println(const Printable&)</a> from print.o(.text._ZN5Print7printlnERK9Printable) referenced from rs485.o(.rodata._ZTV10RS485Class)
 <LI><a href="#[4e]">Print::println(const Printable&)</a> from print.o(.text._ZN5Print7printlnERK9Printable) referenced from hardwareserial.o(.rodata._ZTV14HardwareSerial)
 <LI><a href="#[4e]">Print::println(const Printable&)</a> from print.o(.text._ZN5Print7printlnERK9Printable) referenced from print.o(.rodata._ZTV5Print)
 <LI><a href="#[4e]">Print::println(const Printable&)</a> from print.o(.text._ZN5Print7printlnERK9Printable) referenced from hardwareserial.o(.rodata._ZTV6Stream)
 <LI><a href="#[43]">Print::println(char)</a> from print.o(.text._ZN5Print7printlnEc) referenced from rs485.o(.rodata._ZTV10RS485Class)
 <LI><a href="#[43]">Print::println(char)</a> from print.o(.text._ZN5Print7printlnEc) referenced from hardwareserial.o(.rodata._ZTV14HardwareSerial)
 <LI><a href="#[43]">Print::println(char)</a> from print.o(.text._ZN5Print7printlnEc) referenced from print.o(.rodata._ZTV5Print)
 <LI><a href="#[43]">Print::println(char)</a> from print.o(.text._ZN5Print7printlnEc) referenced from hardwareserial.o(.rodata._ZTV6Stream)
 <LI><a href="#[4c]">Print::println(double, int)</a> from print.o(.text._ZN5Print7printlnEdi) referenced from rs485.o(.rodata._ZTV10RS485Class)
 <LI><a href="#[4c]">Print::println(double, int)</a> from print.o(.text._ZN5Print7printlnEdi) referenced from hardwareserial.o(.rodata._ZTV14HardwareSerial)
 <LI><a href="#[4c]">Print::println(double, int)</a> from print.o(.text._ZN5Print7printlnEdi) referenced from print.o(.rodata._ZTV5Print)
 <LI><a href="#[4c]">Print::println(double, int)</a> from print.o(.text._ZN5Print7printlnEdi) referenced from hardwareserial.o(.rodata._ZTV6Stream)
 <LI><a href="#[45]">Print::println(unsigned char, int)</a> from print.o(.text._ZN5Print7printlnEhi) referenced from rs485.o(.rodata._ZTV10RS485Class)
 <LI><a href="#[45]">Print::println(unsigned char, int)</a> from print.o(.text._ZN5Print7printlnEhi) referenced from hardwareserial.o(.rodata._ZTV14HardwareSerial)
 <LI><a href="#[45]">Print::println(unsigned char, int)</a> from print.o(.text._ZN5Print7printlnEhi) referenced from print.o(.rodata._ZTV5Print)
 <LI><a href="#[45]">Print::println(unsigned char, int)</a> from print.o(.text._ZN5Print7printlnEhi) referenced from hardwareserial.o(.rodata._ZTV6Stream)
 <LI><a href="#[46]">Print::println(int, int)</a> from print.o(.text._ZN5Print7printlnEii) referenced from rs485.o(.rodata._ZTV10RS485Class)
 <LI><a href="#[46]">Print::println(int, int)</a> from print.o(.text._ZN5Print7printlnEii) referenced from hardwareserial.o(.rodata._ZTV14HardwareSerial)
 <LI><a href="#[46]">Print::println(int, int)</a> from print.o(.text._ZN5Print7printlnEii) referenced from print.o(.rodata._ZTV5Print)
 <LI><a href="#[46]">Print::println(int, int)</a> from print.o(.text._ZN5Print7printlnEii) referenced from hardwareserial.o(.rodata._ZTV6Stream)
 <LI><a href="#[47]">Print::println(unsigned, int)</a> from print.o(.text._ZN5Print7printlnEji) referenced from rs485.o(.rodata._ZTV10RS485Class)
 <LI><a href="#[47]">Print::println(unsigned, int)</a> from print.o(.text._ZN5Print7printlnEji) referenced from hardwareserial.o(.rodata._ZTV14HardwareSerial)
 <LI><a href="#[47]">Print::println(unsigned, int)</a> from print.o(.text._ZN5Print7printlnEji) referenced from print.o(.rodata._ZTV5Print)
 <LI><a href="#[47]">Print::println(unsigned, int)</a> from print.o(.text._ZN5Print7printlnEji) referenced from hardwareserial.o(.rodata._ZTV6Stream)
 <LI><a href="#[48]">Print::println(long, int)</a> from print.o(.text._ZN5Print7printlnEli) referenced from rs485.o(.rodata._ZTV10RS485Class)
 <LI><a href="#[48]">Print::println(long, int)</a> from print.o(.text._ZN5Print7printlnEli) referenced from hardwareserial.o(.rodata._ZTV14HardwareSerial)
 <LI><a href="#[48]">Print::println(long, int)</a> from print.o(.text._ZN5Print7printlnEli) referenced from print.o(.rodata._ZTV5Print)
 <LI><a href="#[48]">Print::println(long, int)</a> from print.o(.text._ZN5Print7printlnEli) referenced from hardwareserial.o(.rodata._ZTV6Stream)
 <LI><a href="#[49]">Print::println(unsigned long, int)</a> from print.o(.text._ZN5Print7printlnEmi) referenced from rs485.o(.rodata._ZTV10RS485Class)
 <LI><a href="#[49]">Print::println(unsigned long, int)</a> from print.o(.text._ZN5Print7printlnEmi) referenced from hardwareserial.o(.rodata._ZTV14HardwareSerial)
 <LI><a href="#[49]">Print::println(unsigned long, int)</a> from print.o(.text._ZN5Print7printlnEmi) referenced from print.o(.rodata._ZTV5Print)
 <LI><a href="#[49]">Print::println(unsigned long, int)</a> from print.o(.text._ZN5Print7printlnEmi) referenced from hardwareserial.o(.rodata._ZTV6Stream)
 <LI><a href="#[41]">Print::println()</a> from print.o(.text._ZN5Print7printlnEv) referenced from rs485.o(.rodata._ZTV10RS485Class)
 <LI><a href="#[41]">Print::println()</a> from print.o(.text._ZN5Print7printlnEv) referenced from hardwareserial.o(.rodata._ZTV14HardwareSerial)
 <LI><a href="#[41]">Print::println()</a> from print.o(.text._ZN5Print7printlnEv) referenced from print.o(.rodata._ZTV5Print)
 <LI><a href="#[41]">Print::println()</a> from print.o(.text._ZN5Print7printlnEv) referenced from hardwareserial.o(.rodata._ZTV6Stream)
 <LI><a href="#[4a]">Print::println(long long, int)</a> from print.o(.text._ZN5Print7printlnExi) referenced from rs485.o(.rodata._ZTV10RS485Class)
 <LI><a href="#[4a]">Print::println(long long, int)</a> from print.o(.text._ZN5Print7printlnExi) referenced from hardwareserial.o(.rodata._ZTV14HardwareSerial)
 <LI><a href="#[4a]">Print::println(long long, int)</a> from print.o(.text._ZN5Print7printlnExi) referenced from print.o(.rodata._ZTV5Print)
 <LI><a href="#[4a]">Print::println(long long, int)</a> from print.o(.text._ZN5Print7printlnExi) referenced from hardwareserial.o(.rodata._ZTV6Stream)
 <LI><a href="#[4b]">Print::println(unsigned long long, int)</a> from print.o(.text._ZN5Print7printlnEyi) referenced from rs485.o(.rodata._ZTV10RS485Class)
 <LI><a href="#[4b]">Print::println(unsigned long long, int)</a> from print.o(.text._ZN5Print7printlnEyi) referenced from hardwareserial.o(.rodata._ZTV14HardwareSerial)
 <LI><a href="#[4b]">Print::println(unsigned long long, int)</a> from print.o(.text._ZN5Print7printlnEyi) referenced from print.o(.rodata._ZTV5Print)
 <LI><a href="#[4b]">Print::println(unsigned long long, int)</a> from print.o(.text._ZN5Print7printlnEyi) referenced from hardwareserial.o(.rodata._ZTV6Stream)
 <LI><a href="#[68]">TwoWire::begin(unsigned char)</a> from wire.o(.text._ZN7TwoWire5beginEh) referenced from wire.o(.rodata._ZTV7TwoWire)
 <LI><a href="#[67]">TwoWire::process()</a> from wire.o(.text._ZN7TwoWire7processEv) referenced from wire.o(.rodata._ZTV7TwoWire)
 <LI><a href="#[2c]">TwoWire::~TwoWire__sub_object()</a> from wire.o(.text._ZN7TwoWireD2Ev) referenced from wire.o(.text.__cxx_global_var_init)
 <LI><a href="#[69]">WireBase::begin(unsigned char)</a> from wirebase.o(.text._ZN8WireBase5beginEh) referenced from wirebase.o(.rodata._ZTV8WireBase)
 <LI><a href="#[6a]">IPAddress::printTo(Print&) const</a> from ipaddress.o(.text._ZNK9IPAddress7printToER5Print) referenced from ipaddress.o(.rodata._ZTV9IPAddress)
 <LI><a href="#[5b]">__cxa_pure_virtual</a> from cxa_virtual.cpp.o(.text.__cxa_pure_virtual) referenced from modbusserver.o(.rodata._ZTV12ModbusServer)
 <LI><a href="#[5b]">__cxa_pure_virtual</a> from cxa_virtual.cpp.o(.text.__cxa_pure_virtual) referenced from print.o(.rodata._ZTV5Print)
 <LI><a href="#[5b]">__cxa_pure_virtual</a> from cxa_virtual.cpp.o(.text.__cxa_pure_virtual) referenced 4 times from hardwareserial.o(.rodata._ZTV6Stream)
 <LI><a href="#[5b]">__cxa_pure_virtual</a> from cxa_virtual.cpp.o(.text.__cxa_pure_virtual) referenced from wirebase.o(.rodata._ZTV8WireBase)
 <LI><a href="#[5b]">__cxa_pure_virtual</a> from cxa_virtual.cpp.o(.text.__cxa_pure_virtual) referenced from ipaddress.o(.rodata._ZTV9Printable)
 <LI><a href="#[27]">__main</a> from __main.o(!!!main) referenced from startup_hc32l19x.o(.text)
 <LI><a href="#[28]">_get_lc_ctype</a> from lc_ctype_c.o(locale$$code) referenced from rt_ctype_table.o(.text)
 <LI><a href="#[2f]">_printf_fp_dec_real</a> from _printf_fp_dec.o(.text) referenced from printf1.o(x$fpl$printf1)
 <LI><a href="#[30]">_printf_fp_hex_real</a> from _printf_fp_hex.o(.text) referenced from printf2.o(x$fpl$printf2)
 <LI><a href="#[2a]">_printf_input_char</a> from _printf_char_common.o(.text) referenced from _printf_char_common.o(.text)
 <LI><a href="#[29]">_snputc</a> from _snputc.o(.text) referenced 2 times from vsnprintf.o(.text)
 <LI><a href="#[2b]">fputc</a> from fputc.o(i.fputc) referenced from _printf_char_file.o(.text)
</UL>
<P>
<H3>
Global Symbols
</H3>
<P><STRONG><a name="[27]"></a>__main</STRONG> (Thumb, 8 bytes, Stack size 0 bytes, __main.o(!!!main))
<BR><BR>[Calls]<UL><LI><a href="#[80]">&gt;&gt;</a>&nbsp;&nbsp;&nbsp;__rt_entry
<LI><a href="#[7f]">&gt;&gt;</a>&nbsp;&nbsp;&nbsp;__scatterload
</UL>
<BR>[Address Reference Count : 1]<UL><LI> startup_hc32l19x.o(.text)
</UL>
<P><STRONG><a name="[7f]"></a>__scatterload</STRONG> (Thumb, 0 bytes, Stack size unknown bytes, __scatter.o(!!!scatter))
<BR><BR>[Called By]<UL><LI><a href="#[27]">&gt;&gt;</a>&nbsp;&nbsp;&nbsp;__main
</UL>

<P><STRONG><a name="[81]"></a>__scatterload_rt2</STRONG> (Thumb, 52 bytes, Stack size unknown bytes, __scatter.o(!!!scatter), UNUSED)
<BR><BR>[Calls]<UL><LI><a href="#[80]">&gt;&gt;</a>&nbsp;&nbsp;&nbsp;__rt_entry
</UL>

<P><STRONG><a name="[291]"></a>__scatterload_rt2_thumb_only</STRONG> (Thumb, 0 bytes, Stack size unknown bytes, __scatter.o(!!!scatter), UNUSED)

<P><STRONG><a name="[292]"></a>__scatterload_null</STRONG> (Thumb, 0 bytes, Stack size unknown bytes, __scatter.o(!!!scatter), UNUSED)

<P><STRONG><a name="[82]"></a>__scatterload_copy</STRONG> (Thumb, 26 bytes, Stack size unknown bytes, __scatter_copy.o(!!handler_copy), UNUSED)
<BR><BR>[Calls]<UL><LI><a href="#[82]">&gt;&gt;</a>&nbsp;&nbsp;&nbsp;__scatterload_copy
</UL>
<BR>[Called By]<UL><LI><a href="#[82]">&gt;&gt;</a>&nbsp;&nbsp;&nbsp;__scatterload_copy
</UL>

<P><STRONG><a name="[293]"></a>__scatterload_zeroinit</STRONG> (Thumb, 28 bytes, Stack size unknown bytes, __scatter_zi.o(!!handler_zi), UNUSED)

<P><STRONG><a name="[d6]"></a>_printf_percent</STRONG> (Thumb, 0 bytes, Stack size unknown bytes, _printf_percent.o(.ARM.Collect$$_printf_percent$$00000000))
<BR><BR>[Called By]<UL><LI><a href="#[d4]">&gt;&gt;</a>&nbsp;&nbsp;&nbsp;__printf
</UL>

<P><STRONG><a name="[83]"></a>_printf_n</STRONG> (Thumb, 0 bytes, Stack size unknown bytes, _printf_n.o(.ARM.Collect$$_printf_percent$$00000001))
<BR><BR>[Stack]<UL><LI>Max Depth = 96 + Unknown Stack Size
<LI>Call Chain = _printf_n &rArr; _printf_p &rArr; _printf_f &rArr; _printf_e &rArr; _printf_g &rArr; _printf_a &rArr; _printf_ll &rArr; _printf_i &rArr; _printf_d &rArr; _printf_u &rArr; _printf_o &rArr; _printf_x &rArr; _printf_int_hex &rArr; _printf_longlong_hex &rArr; _printf_int_common &rArr; _printf_post_padding
</UL>
<BR>[Calls]<UL><LI><a href="#[84]">&gt;&gt;</a>&nbsp;&nbsp;&nbsp;_printf_p
<LI><a href="#[85]">&gt;&gt;</a>&nbsp;&nbsp;&nbsp;_printf_charcount
</UL>

<P><STRONG><a name="[84]"></a>_printf_p</STRONG> (Thumb, 0 bytes, Stack size unknown bytes, _printf_p.o(.ARM.Collect$$_printf_percent$$00000002))
<BR><BR>[Stack]<UL><LI>Max Depth = 96 + Unknown Stack Size
<LI>Call Chain = _printf_p &rArr; _printf_f &rArr; _printf_e &rArr; _printf_g &rArr; _printf_a &rArr; _printf_ll &rArr; _printf_i &rArr; _printf_d &rArr; _printf_u &rArr; _printf_o &rArr; _printf_x &rArr; _printf_int_hex &rArr; _printf_longlong_hex &rArr; _printf_int_common &rArr; _printf_post_padding
</UL>
<BR>[Calls]<UL><LI><a href="#[86]">&gt;&gt;</a>&nbsp;&nbsp;&nbsp;_printf_f
<LI><a href="#[87]">&gt;&gt;</a>&nbsp;&nbsp;&nbsp;_printf_hex_ptr
</UL>
<BR>[Called By]<UL><LI><a href="#[83]">&gt;&gt;</a>&nbsp;&nbsp;&nbsp;_printf_n
</UL>

<P><STRONG><a name="[86]"></a>_printf_f</STRONG> (Thumb, 0 bytes, Stack size unknown bytes, _printf_f.o(.ARM.Collect$$_printf_percent$$00000003))
<BR><BR>[Stack]<UL><LI>Max Depth = 96 + Unknown Stack Size
<LI>Call Chain = _printf_f &rArr; _printf_e &rArr; _printf_g &rArr; _printf_a &rArr; _printf_ll &rArr; _printf_i &rArr; _printf_d &rArr; _printf_u &rArr; _printf_o &rArr; _printf_x &rArr; _printf_int_hex &rArr; _printf_longlong_hex &rArr; _printf_int_common &rArr; _printf_post_padding
</UL>
<BR>[Calls]<UL><LI><a href="#[89]">&gt;&gt;</a>&nbsp;&nbsp;&nbsp;_printf_fp_dec
<LI><a href="#[88]">&gt;&gt;</a>&nbsp;&nbsp;&nbsp;_printf_e
</UL>
<BR>[Called By]<UL><LI><a href="#[84]">&gt;&gt;</a>&nbsp;&nbsp;&nbsp;_printf_p
</UL>

<P><STRONG><a name="[88]"></a>_printf_e</STRONG> (Thumb, 0 bytes, Stack size unknown bytes, _printf_e.o(.ARM.Collect$$_printf_percent$$00000004))
<BR><BR>[Stack]<UL><LI>Max Depth = 96 + Unknown Stack Size
<LI>Call Chain = _printf_e &rArr; _printf_g &rArr; _printf_a &rArr; _printf_ll &rArr; _printf_i &rArr; _printf_d &rArr; _printf_u &rArr; _printf_o &rArr; _printf_x &rArr; _printf_int_hex &rArr; _printf_longlong_hex &rArr; _printf_int_common &rArr; _printf_post_padding
</UL>
<BR>[Calls]<UL><LI><a href="#[89]">&gt;&gt;</a>&nbsp;&nbsp;&nbsp;_printf_fp_dec
<LI><a href="#[8a]">&gt;&gt;</a>&nbsp;&nbsp;&nbsp;_printf_g
</UL>
<BR>[Called By]<UL><LI><a href="#[86]">&gt;&gt;</a>&nbsp;&nbsp;&nbsp;_printf_f
</UL>

<P><STRONG><a name="[8a]"></a>_printf_g</STRONG> (Thumb, 0 bytes, Stack size unknown bytes, _printf_g.o(.ARM.Collect$$_printf_percent$$00000005))
<BR><BR>[Stack]<UL><LI>Max Depth = 96 + Unknown Stack Size
<LI>Call Chain = _printf_g &rArr; _printf_a &rArr; _printf_ll &rArr; _printf_i &rArr; _printf_d &rArr; _printf_u &rArr; _printf_o &rArr; _printf_x &rArr; _printf_int_hex &rArr; _printf_longlong_hex &rArr; _printf_int_common &rArr; _printf_post_padding
</UL>
<BR>[Calls]<UL><LI><a href="#[89]">&gt;&gt;</a>&nbsp;&nbsp;&nbsp;_printf_fp_dec
<LI><a href="#[8b]">&gt;&gt;</a>&nbsp;&nbsp;&nbsp;_printf_a
</UL>
<BR>[Called By]<UL><LI><a href="#[88]">&gt;&gt;</a>&nbsp;&nbsp;&nbsp;_printf_e
</UL>

<P><STRONG><a name="[8b]"></a>_printf_a</STRONG> (Thumb, 0 bytes, Stack size unknown bytes, _printf_a.o(.ARM.Collect$$_printf_percent$$00000006))
<BR><BR>[Stack]<UL><LI>Max Depth = 96 + Unknown Stack Size
<LI>Call Chain = _printf_a &rArr; _printf_ll &rArr; _printf_i &rArr; _printf_d &rArr; _printf_u &rArr; _printf_o &rArr; _printf_x &rArr; _printf_int_hex &rArr; _printf_longlong_hex &rArr; _printf_int_common &rArr; _printf_post_padding
</UL>
<BR>[Calls]<UL><LI><a href="#[8c]">&gt;&gt;</a>&nbsp;&nbsp;&nbsp;_printf_ll
<LI><a href="#[8d]">&gt;&gt;</a>&nbsp;&nbsp;&nbsp;_printf_fp_hex
</UL>
<BR>[Called By]<UL><LI><a href="#[8a]">&gt;&gt;</a>&nbsp;&nbsp;&nbsp;_printf_g
</UL>

<P><STRONG><a name="[8c]"></a>_printf_ll</STRONG> (Thumb, 0 bytes, Stack size unknown bytes, _printf_ll.o(.ARM.Collect$$_printf_percent$$00000007))
<BR><BR>[Stack]<UL><LI>Max Depth = 96 + Unknown Stack Size
<LI>Call Chain = _printf_ll &rArr; _printf_i &rArr; _printf_d &rArr; _printf_u &rArr; _printf_o &rArr; _printf_x &rArr; _printf_int_hex &rArr; _printf_longlong_hex &rArr; _printf_int_common &rArr; _printf_post_padding
</UL>
<BR>[Calls]<UL><LI><a href="#[8e]">&gt;&gt;</a>&nbsp;&nbsp;&nbsp;_printf_i
</UL>
<BR>[Called By]<UL><LI><a href="#[8b]">&gt;&gt;</a>&nbsp;&nbsp;&nbsp;_printf_a
</UL>

<P><STRONG><a name="[8e]"></a>_printf_i</STRONG> (Thumb, 0 bytes, Stack size unknown bytes, _printf_i.o(.ARM.Collect$$_printf_percent$$00000008))
<BR><BR>[Stack]<UL><LI>Max Depth = 96 + Unknown Stack Size
<LI>Call Chain = _printf_i &rArr; _printf_d &rArr; _printf_u &rArr; _printf_o &rArr; _printf_x &rArr; _printf_int_hex &rArr; _printf_longlong_hex &rArr; _printf_int_common &rArr; _printf_post_padding
</UL>
<BR>[Calls]<UL><LI><a href="#[8f]">&gt;&gt;</a>&nbsp;&nbsp;&nbsp;_printf_d
<LI><a href="#[90]">&gt;&gt;</a>&nbsp;&nbsp;&nbsp;_printf_int_dec
</UL>
<BR>[Called By]<UL><LI><a href="#[8c]">&gt;&gt;</a>&nbsp;&nbsp;&nbsp;_printf_ll
</UL>

<P><STRONG><a name="[8f]"></a>_printf_d</STRONG> (Thumb, 0 bytes, Stack size unknown bytes, _printf_d.o(.ARM.Collect$$_printf_percent$$00000009))
<BR><BR>[Stack]<UL><LI>Max Depth = 96 + Unknown Stack Size
<LI>Call Chain = _printf_d &rArr; _printf_u &rArr; _printf_o &rArr; _printf_x &rArr; _printf_int_hex &rArr; _printf_longlong_hex &rArr; _printf_int_common &rArr; _printf_post_padding
</UL>
<BR>[Calls]<UL><LI><a href="#[91]">&gt;&gt;</a>&nbsp;&nbsp;&nbsp;_printf_u
<LI><a href="#[90]">&gt;&gt;</a>&nbsp;&nbsp;&nbsp;_printf_int_dec
</UL>
<BR>[Called By]<UL><LI><a href="#[8e]">&gt;&gt;</a>&nbsp;&nbsp;&nbsp;_printf_i
</UL>

<P><STRONG><a name="[91]"></a>_printf_u</STRONG> (Thumb, 0 bytes, Stack size unknown bytes, _printf_u.o(.ARM.Collect$$_printf_percent$$0000000A))
<BR><BR>[Stack]<UL><LI>Max Depth = 96 + Unknown Stack Size
<LI>Call Chain = _printf_u &rArr; _printf_o &rArr; _printf_x &rArr; _printf_int_hex &rArr; _printf_longlong_hex &rArr; _printf_int_common &rArr; _printf_post_padding
</UL>
<BR>[Calls]<UL><LI><a href="#[92]">&gt;&gt;</a>&nbsp;&nbsp;&nbsp;_printf_o
<LI><a href="#[90]">&gt;&gt;</a>&nbsp;&nbsp;&nbsp;_printf_int_dec
</UL>
<BR>[Called By]<UL><LI><a href="#[8f]">&gt;&gt;</a>&nbsp;&nbsp;&nbsp;_printf_d
</UL>

<P><STRONG><a name="[92]"></a>_printf_o</STRONG> (Thumb, 0 bytes, Stack size unknown bytes, _printf_o.o(.ARM.Collect$$_printf_percent$$0000000B))
<BR><BR>[Stack]<UL><LI>Max Depth = 96 + Unknown Stack Size
<LI>Call Chain = _printf_o &rArr; _printf_x &rArr; _printf_int_hex &rArr; _printf_longlong_hex &rArr; _printf_int_common &rArr; _printf_post_padding
</UL>
<BR>[Calls]<UL><LI><a href="#[94]">&gt;&gt;</a>&nbsp;&nbsp;&nbsp;_printf_int_oct
<LI><a href="#[93]">&gt;&gt;</a>&nbsp;&nbsp;&nbsp;_printf_x
</UL>
<BR>[Called By]<UL><LI><a href="#[91]">&gt;&gt;</a>&nbsp;&nbsp;&nbsp;_printf_u
</UL>

<P><STRONG><a name="[93]"></a>_printf_x</STRONG> (Thumb, 0 bytes, Stack size unknown bytes, _printf_x.o(.ARM.Collect$$_printf_percent$$0000000C))
<BR><BR>[Stack]<UL><LI>Max Depth = 96 + Unknown Stack Size
<LI>Call Chain = _printf_x &rArr; _printf_int_hex &rArr; _printf_longlong_hex &rArr; _printf_int_common &rArr; _printf_post_padding
</UL>
<BR>[Calls]<UL><LI><a href="#[95]">&gt;&gt;</a>&nbsp;&nbsp;&nbsp;_printf_lli
<LI><a href="#[96]">&gt;&gt;</a>&nbsp;&nbsp;&nbsp;_printf_int_hex
</UL>
<BR>[Called By]<UL><LI><a href="#[92]">&gt;&gt;</a>&nbsp;&nbsp;&nbsp;_printf_o
</UL>

<P><STRONG><a name="[95]"></a>_printf_lli</STRONG> (Thumb, 0 bytes, Stack size unknown bytes, _printf_lli.o(.ARM.Collect$$_printf_percent$$0000000D))
<BR><BR>[Stack]<UL><LI>Max Depth = 88 + Unknown Stack Size
<LI>Call Chain = _printf_lli &rArr; _printf_lld &rArr; _printf_llu &rArr; _printf_llo &rArr; _printf_llx &rArr; _printf_l &rArr; _printf_c &rArr; _printf_s &rArr; _printf_lc &rArr; _printf_ls &rArr; _printf_wstring &rArr; _printf_lcs_common &rArr; _printf_wctomb &rArr; _wcrtomb
</UL>
<BR>[Calls]<UL><LI><a href="#[97]">&gt;&gt;</a>&nbsp;&nbsp;&nbsp;_printf_lld
<LI><a href="#[98]">&gt;&gt;</a>&nbsp;&nbsp;&nbsp;_printf_longlong_dec
</UL>
<BR>[Called By]<UL><LI><a href="#[93]">&gt;&gt;</a>&nbsp;&nbsp;&nbsp;_printf_x
</UL>

<P><STRONG><a name="[97]"></a>_printf_lld</STRONG> (Thumb, 0 bytes, Stack size unknown bytes, _printf_lld.o(.ARM.Collect$$_printf_percent$$0000000E))
<BR><BR>[Stack]<UL><LI>Max Depth = 88 + Unknown Stack Size
<LI>Call Chain = _printf_lld &rArr; _printf_llu &rArr; _printf_llo &rArr; _printf_llx &rArr; _printf_l &rArr; _printf_c &rArr; _printf_s &rArr; _printf_lc &rArr; _printf_ls &rArr; _printf_wstring &rArr; _printf_lcs_common &rArr; _printf_wctomb &rArr; _wcrtomb
</UL>
<BR>[Calls]<UL><LI><a href="#[99]">&gt;&gt;</a>&nbsp;&nbsp;&nbsp;_printf_llu
<LI><a href="#[98]">&gt;&gt;</a>&nbsp;&nbsp;&nbsp;_printf_longlong_dec
</UL>
<BR>[Called By]<UL><LI><a href="#[95]">&gt;&gt;</a>&nbsp;&nbsp;&nbsp;_printf_lli
</UL>

<P><STRONG><a name="[99]"></a>_printf_llu</STRONG> (Thumb, 0 bytes, Stack size unknown bytes, _printf_llu.o(.ARM.Collect$$_printf_percent$$0000000F))
<BR><BR>[Stack]<UL><LI>Max Depth = 88 + Unknown Stack Size
<LI>Call Chain = _printf_llu &rArr; _printf_llo &rArr; _printf_llx &rArr; _printf_l &rArr; _printf_c &rArr; _printf_s &rArr; _printf_lc &rArr; _printf_ls &rArr; _printf_wstring &rArr; _printf_lcs_common &rArr; _printf_wctomb &rArr; _wcrtomb
</UL>
<BR>[Calls]<UL><LI><a href="#[9a]">&gt;&gt;</a>&nbsp;&nbsp;&nbsp;_printf_llo
<LI><a href="#[98]">&gt;&gt;</a>&nbsp;&nbsp;&nbsp;_printf_longlong_dec
</UL>
<BR>[Called By]<UL><LI><a href="#[97]">&gt;&gt;</a>&nbsp;&nbsp;&nbsp;_printf_lld
</UL>

<P><STRONG><a name="[9a]"></a>_printf_llo</STRONG> (Thumb, 0 bytes, Stack size unknown bytes, _printf_llo.o(.ARM.Collect$$_printf_percent$$00000010))
<BR><BR>[Stack]<UL><LI>Max Depth = 88 + Unknown Stack Size
<LI>Call Chain = _printf_llo &rArr; _printf_llx &rArr; _printf_l &rArr; _printf_c &rArr; _printf_s &rArr; _printf_lc &rArr; _printf_ls &rArr; _printf_wstring &rArr; _printf_lcs_common &rArr; _printf_wctomb &rArr; _wcrtomb
</UL>
<BR>[Calls]<UL><LI><a href="#[9b]">&gt;&gt;</a>&nbsp;&nbsp;&nbsp;_printf_llx
<LI><a href="#[9c]">&gt;&gt;</a>&nbsp;&nbsp;&nbsp;_printf_ll_oct
</UL>
<BR>[Called By]<UL><LI><a href="#[99]">&gt;&gt;</a>&nbsp;&nbsp;&nbsp;_printf_llu
</UL>

<P><STRONG><a name="[9b]"></a>_printf_llx</STRONG> (Thumb, 0 bytes, Stack size unknown bytes, _printf_llx.o(.ARM.Collect$$_printf_percent$$00000011))
<BR><BR>[Stack]<UL><LI>Max Depth = 88 + Unknown Stack Size
<LI>Call Chain = _printf_llx &rArr; _printf_l &rArr; _printf_c &rArr; _printf_s &rArr; _printf_lc &rArr; _printf_ls &rArr; _printf_wstring &rArr; _printf_lcs_common &rArr; _printf_wctomb &rArr; _wcrtomb
</UL>
<BR>[Calls]<UL><LI><a href="#[9d]">&gt;&gt;</a>&nbsp;&nbsp;&nbsp;_printf_l
<LI><a href="#[9e]">&gt;&gt;</a>&nbsp;&nbsp;&nbsp;_printf_ll_hex
</UL>
<BR>[Called By]<UL><LI><a href="#[9a]">&gt;&gt;</a>&nbsp;&nbsp;&nbsp;_printf_llo
</UL>

<P><STRONG><a name="[9d]"></a>_printf_l</STRONG> (Thumb, 0 bytes, Stack size unknown bytes, _printf_l.o(.ARM.Collect$$_printf_percent$$00000012))
<BR><BR>[Stack]<UL><LI>Max Depth = 88 + Unknown Stack Size
<LI>Call Chain = _printf_l &rArr; _printf_c &rArr; _printf_s &rArr; _printf_lc &rArr; _printf_ls &rArr; _printf_wstring &rArr; _printf_lcs_common &rArr; _printf_wctomb &rArr; _wcrtomb
</UL>
<BR>[Calls]<UL><LI><a href="#[9f]">&gt;&gt;</a>&nbsp;&nbsp;&nbsp;_printf_c
</UL>
<BR>[Called By]<UL><LI><a href="#[9b]">&gt;&gt;</a>&nbsp;&nbsp;&nbsp;_printf_llx
</UL>

<P><STRONG><a name="[9f]"></a>_printf_c</STRONG> (Thumb, 0 bytes, Stack size unknown bytes, _printf_c.o(.ARM.Collect$$_printf_percent$$00000013))
<BR><BR>[Stack]<UL><LI>Max Depth = 88 + Unknown Stack Size
<LI>Call Chain = _printf_c &rArr; _printf_s &rArr; _printf_lc &rArr; _printf_ls &rArr; _printf_wstring &rArr; _printf_lcs_common &rArr; _printf_wctomb &rArr; _wcrtomb
</UL>
<BR>[Calls]<UL><LI><a href="#[a1]">&gt;&gt;</a>&nbsp;&nbsp;&nbsp;_printf_char
<LI><a href="#[a0]">&gt;&gt;</a>&nbsp;&nbsp;&nbsp;_printf_s
</UL>
<BR>[Called By]<UL><LI><a href="#[9d]">&gt;&gt;</a>&nbsp;&nbsp;&nbsp;_printf_l
</UL>

<P><STRONG><a name="[a0]"></a>_printf_s</STRONG> (Thumb, 0 bytes, Stack size unknown bytes, _printf_s.o(.ARM.Collect$$_printf_percent$$00000014))
<BR><BR>[Stack]<UL><LI>Max Depth = 88 + Unknown Stack Size
<LI>Call Chain = _printf_s &rArr; _printf_lc &rArr; _printf_ls &rArr; _printf_wstring &rArr; _printf_lcs_common &rArr; _printf_wctomb &rArr; _wcrtomb
</UL>
<BR>[Calls]<UL><LI><a href="#[a2]">&gt;&gt;</a>&nbsp;&nbsp;&nbsp;_printf_lc
<LI><a href="#[a3]">&gt;&gt;</a>&nbsp;&nbsp;&nbsp;_printf_string
</UL>
<BR>[Called By]<UL><LI><a href="#[9f]">&gt;&gt;</a>&nbsp;&nbsp;&nbsp;_printf_c
</UL>

<P><STRONG><a name="[a2]"></a>_printf_lc</STRONG> (Thumb, 0 bytes, Stack size unknown bytes, _printf_lc.o(.ARM.Collect$$_printf_percent$$00000015))
<BR><BR>[Stack]<UL><LI>Max Depth = 88 + Unknown Stack Size
<LI>Call Chain = _printf_lc &rArr; _printf_ls &rArr; _printf_wstring &rArr; _printf_lcs_common &rArr; _printf_wctomb &rArr; _wcrtomb
</UL>
<BR>[Calls]<UL><LI><a href="#[a4]">&gt;&gt;</a>&nbsp;&nbsp;&nbsp;_printf_ls
<LI><a href="#[a5]">&gt;&gt;</a>&nbsp;&nbsp;&nbsp;_printf_wchar
</UL>
<BR>[Called By]<UL><LI><a href="#[a0]">&gt;&gt;</a>&nbsp;&nbsp;&nbsp;_printf_s
</UL>

<P><STRONG><a name="[a4]"></a>_printf_ls</STRONG> (Thumb, 0 bytes, Stack size unknown bytes, _printf_ls.o(.ARM.Collect$$_printf_percent$$00000016))
<BR><BR>[Stack]<UL><LI>Max Depth = 88 + Unknown Stack Size
<LI>Call Chain = _printf_ls &rArr; _printf_wstring &rArr; _printf_lcs_common &rArr; _printf_wctomb &rArr; _wcrtomb
</UL>
<BR>[Calls]<UL><LI><a href="#[a6]">&gt;&gt;</a>&nbsp;&nbsp;&nbsp;_printf_percent_end
<LI><a href="#[a7]">&gt;&gt;</a>&nbsp;&nbsp;&nbsp;_printf_wstring
</UL>
<BR>[Called By]<UL><LI><a href="#[a2]">&gt;&gt;</a>&nbsp;&nbsp;&nbsp;_printf_lc
</UL>

<P><STRONG><a name="[a6]"></a>_printf_percent_end</STRONG> (Thumb, 0 bytes, Stack size unknown bytes, _printf_percent_end.o(.ARM.Collect$$_printf_percent$$00000017))
<BR><BR>[Called By]<UL><LI><a href="#[a4]">&gt;&gt;</a>&nbsp;&nbsp;&nbsp;_printf_ls
</UL>

<P><STRONG><a name="[b9]"></a>__rt_lib_init</STRONG> (Thumb, 0 bytes, Stack size unknown bytes, libinit.o(.ARM.Collect$$libinit$$00000000))
<BR><BR>[Called By]<UL><LI><a href="#[b8]">&gt;&gt;</a>&nbsp;&nbsp;&nbsp;__rt_entry_li
</UL>

<P><STRONG><a name="[294]"></a>__rt_lib_init_fp_1</STRONG> (Thumb, 0 bytes, Stack size unknown bytes, libinit2.o(.ARM.Collect$$libinit$$00000002))

<P><STRONG><a name="[a8]"></a>__rt_lib_init_heap_2</STRONG> (Thumb, 0 bytes, Stack size unknown bytes, libinit2.o(.ARM.Collect$$libinit$$00000005))
<BR><BR>[Stack]<UL><LI>Max Depth = 64 + Unknown Stack Size
<LI>Call Chain = __rt_lib_init_heap_2 &rArr; _init_alloc &rArr; __rt_SIGRTMEM &rArr; __rt_SIGRTMEM_inner &rArr; __default_signal_display &rArr; _ttywrch
</UL>
<BR>[Calls]<UL><LI><a href="#[a9]">&gt;&gt;</a>&nbsp;&nbsp;&nbsp;_init_alloc
</UL>

<P><STRONG><a name="[295]"></a>__rt_lib_init_preinit_1</STRONG> (Thumb, 0 bytes, Stack size unknown bytes, libinit2.o(.ARM.Collect$$libinit$$00000004))

<P><STRONG><a name="[296]"></a>__rt_lib_init_heap_1</STRONG> (Thumb, 0 bytes, Stack size unknown bytes, libinit2.o(.ARM.Collect$$libinit$$0000000A))

<P><STRONG><a name="[aa]"></a>__rt_lib_init_lc_common</STRONG> (Thumb, 0 bytes, Stack size unknown bytes, libinit2.o(.ARM.Collect$$libinit$$0000000F))
<BR><BR>[Calls]<UL><LI><a href="#[ab]">&gt;&gt;</a>&nbsp;&nbsp;&nbsp;__rt_locale
</UL>

<P><STRONG><a name="[297]"></a>__rt_lib_init_rand_1</STRONG> (Thumb, 0 bytes, Stack size unknown bytes, libinit2.o(.ARM.Collect$$libinit$$0000000E))

<P><STRONG><a name="[298]"></a>__rt_lib_init_user_alloc_1</STRONG> (Thumb, 0 bytes, Stack size unknown bytes, libinit2.o(.ARM.Collect$$libinit$$0000000C))

<P><STRONG><a name="[299]"></a>__rt_lib_init_lc_collate_1</STRONG> (Thumb, 0 bytes, Stack size unknown bytes, libinit2.o(.ARM.Collect$$libinit$$00000011))

<P><STRONG><a name="[ac]"></a>__rt_lib_init_lc_ctype_2</STRONG> (Thumb, 0 bytes, Stack size unknown bytes, libinit2.o(.ARM.Collect$$libinit$$00000012))
<BR><BR>[Stack]<UL><LI>Max Depth = 24 + Unknown Stack Size
<LI>Call Chain = __rt_lib_init_lc_ctype_2 &rArr; _get_lc_ctype &rArr; strcmp
</UL>
<BR>[Calls]<UL><LI><a href="#[28]">&gt;&gt;</a>&nbsp;&nbsp;&nbsp;_get_lc_ctype
</UL>

<P><STRONG><a name="[29a]"></a>__rt_lib_init_lc_ctype_1</STRONG> (Thumb, 0 bytes, Stack size unknown bytes, libinit2.o(.ARM.Collect$$libinit$$00000013))

<P><STRONG><a name="[29b]"></a>__rt_lib_init_lc_monetary_1</STRONG> (Thumb, 0 bytes, Stack size unknown bytes, libinit2.o(.ARM.Collect$$libinit$$00000015))

<P><STRONG><a name="[ad]"></a>__rt_lib_init_lc_numeric_2</STRONG> (Thumb, 0 bytes, Stack size unknown bytes, libinit2.o(.ARM.Collect$$libinit$$00000016))
<BR><BR>[Stack]<UL><LI>Max Depth = 24 + Unknown Stack Size
<LI>Call Chain = __rt_lib_init_lc_numeric_2 &rArr; _get_lc_numeric &rArr; strcmp
</UL>
<BR>[Calls]<UL><LI><a href="#[ae]">&gt;&gt;</a>&nbsp;&nbsp;&nbsp;_get_lc_numeric
</UL>

<P><STRONG><a name="[29c]"></a>__rt_lib_init_atexit_1</STRONG> (Thumb, 0 bytes, Stack size unknown bytes, libinit2.o(.ARM.Collect$$libinit$$0000001B))

<P><STRONG><a name="[29d]"></a>__rt_lib_init_clock_1</STRONG> (Thumb, 0 bytes, Stack size unknown bytes, libinit2.o(.ARM.Collect$$libinit$$00000021))

<P><STRONG><a name="[29e]"></a>__rt_lib_init_fp_trap_1</STRONG> (Thumb, 0 bytes, Stack size unknown bytes, libinit2.o(.ARM.Collect$$libinit$$0000001F))

<P><STRONG><a name="[29f]"></a>__rt_lib_init_getenv_1</STRONG> (Thumb, 0 bytes, Stack size unknown bytes, libinit2.o(.ARM.Collect$$libinit$$00000023))

<P><STRONG><a name="[2a0]"></a>__rt_lib_init_lc_numeric_1</STRONG> (Thumb, 0 bytes, Stack size unknown bytes, libinit2.o(.ARM.Collect$$libinit$$00000017))

<P><STRONG><a name="[2a1]"></a>__rt_lib_init_lc_time_1</STRONG> (Thumb, 0 bytes, Stack size unknown bytes, libinit2.o(.ARM.Collect$$libinit$$00000019))

<P><STRONG><a name="[2a2]"></a>__rt_lib_init_signal_1</STRONG> (Thumb, 0 bytes, Stack size unknown bytes, libinit2.o(.ARM.Collect$$libinit$$0000001D))

<P><STRONG><a name="[af]"></a>__rt_lib_init_stdio_2</STRONG> (Thumb, 0 bytes, Stack size unknown bytes, libinit2.o(.ARM.Collect$$libinit$$00000024))
<BR><BR>[Stack]<UL><LI>Max Depth = 136 + Unknown Stack Size
<LI>Call Chain = __rt_lib_init_stdio_2 &rArr; _initio &rArr; freopen &rArr; _fclose_internal &rArr; _fflush &rArr; _writebuf &rArr; _sys_write
</UL>
<BR>[Calls]<UL><LI><a href="#[b0]">&gt;&gt;</a>&nbsp;&nbsp;&nbsp;_initio
</UL>

<P><STRONG><a name="[2a3]"></a>__rt_lib_init_alloca_1</STRONG> (Thumb, 0 bytes, Stack size unknown bytes, libinit2.o(.ARM.Collect$$libinit$$0000002E))

<P><STRONG><a name="[2a4]"></a>__rt_lib_init_argv_1</STRONG> (Thumb, 0 bytes, Stack size unknown bytes, libinit2.o(.ARM.Collect$$libinit$$0000002C))

<P><STRONG><a name="[b1]"></a>__rt_lib_init_cpp_2</STRONG> (Thumb, 0 bytes, Stack size unknown bytes, libinit2.o(.ARM.Collect$$libinit$$00000031))
<BR><BR>[Stack]<UL><LI>Max Depth = 16 + Unknown Stack Size
<LI>Call Chain = __rt_lib_init_cpp_2 &rArr; __cpp_initialize__aeabi_
</UL>
<BR>[Calls]<UL><LI><a href="#[7e]">&gt;&gt;</a>&nbsp;&nbsp;&nbsp;__cpp_initialize__aeabi_
</UL>

<P><STRONG><a name="[2a5]"></a>__rt_lib_init_exceptions_1</STRONG> (Thumb, 0 bytes, Stack size unknown bytes, libinit2.o(.ARM.Collect$$libinit$$00000030))

<P><STRONG><a name="[2a6]"></a>__rt_lib_init_stdio_1</STRONG> (Thumb, 0 bytes, Stack size unknown bytes, libinit2.o(.ARM.Collect$$libinit$$00000025))

<P><STRONG><a name="[2a7]"></a>__rt_lib_init_cpp_1</STRONG> (Thumb, 0 bytes, Stack size unknown bytes, libinit2.o(.ARM.Collect$$libinit$$00000032))

<P><STRONG><a name="[2a8]"></a>__rt_lib_init_return</STRONG> (Thumb, 0 bytes, Stack size unknown bytes, libinit2.o(.ARM.Collect$$libinit$$00000033))

<P><STRONG><a name="[be]"></a>__rt_lib_shutdown</STRONG> (Thumb, 0 bytes, Stack size unknown bytes, libshutdown.o(.ARM.Collect$$libshutdown$$00000000))
<BR><BR>[Called By]<UL><LI><a href="#[109]">&gt;&gt;</a>&nbsp;&nbsp;&nbsp;abort
<LI><a href="#[bd]">&gt;&gt;</a>&nbsp;&nbsp;&nbsp;__rt_exit_ls
</UL>

<P><STRONG><a name="[b2]"></a>__rt_lib_shutdown_cpp_2</STRONG> (Thumb, 0 bytes, Stack size unknown bytes, libshutdown2.o(.ARM.Collect$$libshutdown$$00000001))
<BR><BR>[Stack]<UL><LI>Max Depth = 40 + Unknown Stack Size
<LI>Call Chain = __rt_lib_shutdown_cpp_2 &rArr; __cxa_finalize &rArr; free
</UL>
<BR>[Calls]<UL><LI><a href="#[b3]">&gt;&gt;</a>&nbsp;&nbsp;&nbsp;__cxa_finalize
</UL>

<P><STRONG><a name="[2a9]"></a>__rt_lib_shutdown_cpp_1</STRONG> (Thumb, 0 bytes, Stack size unknown bytes, libshutdown2.o(.ARM.Collect$$libshutdown$$00000002))

<P><STRONG><a name="[b4]"></a>__rt_lib_shutdown_stdio_2</STRONG> (Thumb, 0 bytes, Stack size unknown bytes, libshutdown2.o(.ARM.Collect$$libshutdown$$00000003))
<BR><BR>[Stack]<UL><LI>Max Depth = 112 + Unknown Stack Size
<LI>Call Chain = __rt_lib_shutdown_stdio_2 &rArr; _terminateio &rArr; _fclose_internal &rArr; _fflush &rArr; _writebuf &rArr; _sys_write
</UL>
<BR>[Calls]<UL><LI><a href="#[b5]">&gt;&gt;</a>&nbsp;&nbsp;&nbsp;_terminateio
</UL>

<P><STRONG><a name="[2aa]"></a>__rt_lib_shutdown_fp_trap_1</STRONG> (Thumb, 0 bytes, Stack size unknown bytes, libshutdown2.o(.ARM.Collect$$libshutdown$$00000007))

<P><STRONG><a name="[2ab]"></a>__rt_lib_shutdown_heap_1</STRONG> (Thumb, 0 bytes, Stack size unknown bytes, libshutdown2.o(.ARM.Collect$$libshutdown$$0000000F))

<P><STRONG><a name="[2ac]"></a>__rt_lib_shutdown_return</STRONG> (Thumb, 0 bytes, Stack size unknown bytes, libshutdown2.o(.ARM.Collect$$libshutdown$$00000010))

<P><STRONG><a name="[2ad]"></a>__rt_lib_shutdown_signal_1</STRONG> (Thumb, 0 bytes, Stack size unknown bytes, libshutdown2.o(.ARM.Collect$$libshutdown$$0000000A))

<P><STRONG><a name="[2ae]"></a>__rt_lib_shutdown_stdio_1</STRONG> (Thumb, 0 bytes, Stack size unknown bytes, libshutdown2.o(.ARM.Collect$$libshutdown$$00000004))

<P><STRONG><a name="[2af]"></a>__rt_lib_shutdown_user_alloc_1</STRONG> (Thumb, 0 bytes, Stack size unknown bytes, libshutdown2.o(.ARM.Collect$$libshutdown$$0000000C))

<P><STRONG><a name="[80]"></a>__rt_entry</STRONG> (Thumb, 0 bytes, Stack size unknown bytes, __rtentry.o(.ARM.Collect$$rtentry$$00000000))
<BR><BR>[Called By]<UL><LI><a href="#[27]">&gt;&gt;</a>&nbsp;&nbsp;&nbsp;__main
<LI><a href="#[81]">&gt;&gt;</a>&nbsp;&nbsp;&nbsp;__scatterload_rt2
</UL>

<P><STRONG><a name="[2b0]"></a>__rt_entry_presh_1</STRONG> (Thumb, 0 bytes, Stack size unknown bytes, __rtentry2.o(.ARM.Collect$$rtentry$$00000002))

<P><STRONG><a name="[b6]"></a>__rt_entry_sh</STRONG> (Thumb, 0 bytes, Stack size unknown bytes, __rtentry4.o(.ARM.Collect$$rtentry$$00000004))
<BR><BR>[Stack]<UL><LI>Max Depth = 8 + Unknown Stack Size
<LI>Call Chain = __rt_entry_sh &rArr; __user_setup_stackheap
</UL>
<BR>[Calls]<UL><LI><a href="#[b7]">&gt;&gt;</a>&nbsp;&nbsp;&nbsp;__user_setup_stackheap
</UL>

<P><STRONG><a name="[b8]"></a>__rt_entry_li</STRONG> (Thumb, 0 bytes, Stack size unknown bytes, __rtentry2.o(.ARM.Collect$$rtentry$$0000000A))
<BR><BR>[Calls]<UL><LI><a href="#[b9]">&gt;&gt;</a>&nbsp;&nbsp;&nbsp;__rt_lib_init
</UL>

<P><STRONG><a name="[2b1]"></a>__rt_entry_postsh_1</STRONG> (Thumb, 0 bytes, Stack size unknown bytes, __rtentry2.o(.ARM.Collect$$rtentry$$00000009))

<P><STRONG><a name="[ba]"></a>__rt_entry_main</STRONG> (Thumb, 0 bytes, Stack size unknown bytes, __rtentry2.o(.ARM.Collect$$rtentry$$0000000D))
<BR><BR>[Stack]<UL><LI>Max Depth = 312 + Unknown Stack Size
<LI>Call Chain = __rt_entry_main &rArr; main &rArr; setup() &rArr; unsigned ArduinoJson6185_11::serializeJson&lang;ArduinoJson6185_11::BasicJsonDocument&lang;ArduinoJson6185_11::DefaultAllocator&rang;, HardwareSerial&rang;(const T1&, T2&) &rArr; unsigned ArduinoJson6185_11::serialize&lang;ArduinoJson6185_11::JsonSerializer, ArduinoJson6185_11::BasicJsonDocument&lang;ArduinoJson6185_11::DefaultAllocator&rang;, HardwareSerial&rang;(const T2&, T3&) &rArr; unsigned ArduinoJson6185_11::doSerialize&lang;ArduinoJson6185_11::JsonSerializer, ArduinoJson6185_11::BasicJsonDocument&lang;ArduinoJson6185_11::DefaultAllocator&rang;, ArduinoJson6185_11::Writer&lang;HardwareSerial, void&rang;&rang;(const T2&, T3) &rArr; T1::result_type ArduinoJson6185_11::JsonDocument::accept&lang;ArduinoJson6185_11::JsonSerializer&lang;ArduinoJson6185_11::Writer&lang;HardwareSerial, void&rang;&rang;&rang;(T1&) const &rArr; T1::result_type ArduinoJson6185_11::VariantConstRef::accept&lang;ArduinoJson6185_11::JsonSerializer&lang;ArduinoJson6185_11::Writer&lang;HardwareSerial, void&rang;&rang;&rang;(T1&) const &rArr; T1::result_type ArduinoJson6185_11::variantAccept&lang;ArduinoJson6185_11::JsonSerializer&lang;ArduinoJson6185_11::Writer&lang;HardwareSerial, void&rang;&rang;&rang;(const ArduinoJson6185_11::VariantData*, T1&) &rArr; T1::result_type ArduinoJson6185_11::VariantData::accept&lang;ArduinoJson6185_11::JsonSerializer&lang;ArduinoJson6185_11::Writer&lang;HardwareSerial, void&rang;&rang;&rang;(T1&) const &rArr;  T1::result_type ArduinoJson6185_11::VariantData::accept&lang;ArduinoJson6185_11::JsonSerializer&lang;ArduinoJson6185_11::Writer&lang;HardwareSerial, void&rang;&rang;&rang;(T1&) const (Cycle)
</UL>
<BR>[Calls]<UL><LI><a href="#[bb]">&gt;&gt;</a>&nbsp;&nbsp;&nbsp;main
<LI><a href="#[bc]">&gt;&gt;</a>&nbsp;&nbsp;&nbsp;exit
</UL>

<P><STRONG><a name="[2b2]"></a>__rt_entry_postli_1</STRONG> (Thumb, 0 bytes, Stack size unknown bytes, __rtentry2.o(.ARM.Collect$$rtentry$$0000000C))

<P><STRONG><a name="[12e]"></a>__rt_exit</STRONG> (Thumb, 0 bytes, Stack size unknown bytes, rtexit.o(.ARM.Collect$$rtexit$$00000000))
<BR><BR>[Called By]<UL><LI><a href="#[bc]">&gt;&gt;</a>&nbsp;&nbsp;&nbsp;exit
</UL>

<P><STRONG><a name="[bd]"></a>__rt_exit_ls</STRONG> (Thumb, 0 bytes, Stack size unknown bytes, rtexit2.o(.ARM.Collect$$rtexit$$00000003))
<BR><BR>[Calls]<UL><LI><a href="#[be]">&gt;&gt;</a>&nbsp;&nbsp;&nbsp;__rt_lib_shutdown
</UL>

<P><STRONG><a name="[2b3]"></a>__rt_exit_prels_1</STRONG> (Thumb, 0 bytes, Stack size unknown bytes, rtexit2.o(.ARM.Collect$$rtexit$$00000002))

<P><STRONG><a name="[bf]"></a>__rt_exit_exit</STRONG> (Thumb, 0 bytes, Stack size unknown bytes, rtexit2.o(.ARM.Collect$$rtexit$$00000004))
<BR><BR>[Calls]<UL><LI><a href="#[c0]">&gt;&gt;</a>&nbsp;&nbsp;&nbsp;_sys_exit
</UL>

<P><STRONG><a name="[da]"></a>__aeabi_memcpy4</STRONG> (Thumb, 56 bytes, Stack size 0 bytes, rt_memcpy.o(.emb_text))
<BR><BR>[Called By]<UL><LI><a href="#[d9]">&gt;&gt;</a>&nbsp;&nbsp;&nbsp;__aeabi_memcpy
</UL>

<P><STRONG><a name="[2b4]"></a>__aeabi_memcpy8</STRONG> (Thumb, 0 bytes, Stack size 0 bytes, rt_memcpy.o(.emb_text), UNUSED)

<P><STRONG><a name="[0]"></a>Reset_Handler</STRONG> (Thumb, 26 bytes, Stack size 0 bytes, startup_hc32l19x.o(.text))
<BR>[Address Reference Count : 1]<UL><LI> startup_hc32l19x.o(RESET)
</UL>
<P><STRONG><a name="[1]"></a>NMI_Handler</STRONG> (Thumb, 2 bytes, Stack size 0 bytes, startup_hc32l19x.o(.text))
<BR><BR>[Calls]<UL><LI><a href="#[1]">&gt;&gt;</a>&nbsp;&nbsp;&nbsp;NMI_Handler
</UL>
<BR>[Called By]<UL><LI><a href="#[1]">&gt;&gt;</a>&nbsp;&nbsp;&nbsp;NMI_Handler
</UL>
<BR>[Address Reference Count : 1]<UL><LI> startup_hc32l19x.o(RESET)
</UL>
<P><STRONG><a name="[2]"></a>HardFault_Handler</STRONG> (Thumb, 2 bytes, Stack size 0 bytes, startup_hc32l19x.o(.text))
<BR><BR>[Calls]<UL><LI><a href="#[2]">&gt;&gt;</a>&nbsp;&nbsp;&nbsp;HardFault_Handler
</UL>
<BR>[Called By]<UL><LI><a href="#[2]">&gt;&gt;</a>&nbsp;&nbsp;&nbsp;HardFault_Handler
</UL>
<BR>[Address Reference Count : 1]<UL><LI> startup_hc32l19x.o(RESET)
</UL>
<P><STRONG><a name="[3]"></a>SVC_Handler</STRONG> (Thumb, 2 bytes, Stack size 0 bytes, startup_hc32l19x.o(.text))
<BR><BR>[Calls]<UL><LI><a href="#[3]">&gt;&gt;</a>&nbsp;&nbsp;&nbsp;SVC_Handler
</UL>
<BR>[Called By]<UL><LI><a href="#[3]">&gt;&gt;</a>&nbsp;&nbsp;&nbsp;SVC_Handler
</UL>
<BR>[Address Reference Count : 1]<UL><LI> startup_hc32l19x.o(RESET)
</UL>
<P><STRONG><a name="[4]"></a>PendSV_Handler</STRONG> (Thumb, 2 bytes, Stack size 0 bytes, startup_hc32l19x.o(.text))
<BR><BR>[Calls]<UL><LI><a href="#[4]">&gt;&gt;</a>&nbsp;&nbsp;&nbsp;PendSV_Handler
</UL>
<BR>[Called By]<UL><LI><a href="#[4]">&gt;&gt;</a>&nbsp;&nbsp;&nbsp;PendSV_Handler
</UL>
<BR>[Address Reference Count : 1]<UL><LI> startup_hc32l19x.o(RESET)
</UL>
<P><STRONG><a name="[1e]"></a>ADC_DAC_IRQHandler</STRONG> (Thumb, 0 bytes, Stack size 0 bytes, startup_hc32l19x.o(.text))
<BR><BR>[Calls]<UL><LI><a href="#[1e]">&gt;&gt;</a>&nbsp;&nbsp;&nbsp;ADC_DAC_IRQHandler
</UL>
<BR>[Called By]<UL><LI><a href="#[1e]">&gt;&gt;</a>&nbsp;&nbsp;&nbsp;ADC_DAC_IRQHandler
</UL>
<BR>[Address Reference Count : 1]<UL><LI> startup_hc32l19x.o(RESET)
</UL>
<P><STRONG><a name="[22]"></a>CAN_IRQHandler</STRONG> (Thumb, 0 bytes, Stack size 0 bytes, startup_hc32l19x.o(.text))
<BR>[Address Reference Count : 1]<UL><LI> startup_hc32l19x.o(RESET)
</UL>
<P><STRONG><a name="[25]"></a>CLKTRIM_CTS_IRQHandler</STRONG> (Thumb, 0 bytes, Stack size 0 bytes, startup_hc32l19x.o(.text))
<BR>[Address Reference Count : 1]<UL><LI> startup_hc32l19x.o(RESET)
</UL>
<P><STRONG><a name="[a]"></a>DMAC_IRQHandler</STRONG> (Thumb, 0 bytes, Stack size 0 bytes, startup_hc32l19x.o(.text))
<BR>[Address Reference Count : 1]<UL><LI> startup_hc32l19x.o(RESET)
</UL>
<P><STRONG><a name="[24]"></a>FLASH_RAM_IRQHandler</STRONG> (Thumb, 0 bytes, Stack size 0 bytes, startup_hc32l19x.o(.text))
<BR>[Address Reference Count : 1]<UL><LI> startup_hc32l19x.o(RESET)
</UL>
<P><STRONG><a name="[12]"></a>I2C0_IRQHandler</STRONG> (Thumb, 0 bytes, Stack size 0 bytes, startup_hc32l19x.o(.text))
<BR>[Address Reference Count : 1]<UL><LI> startup_hc32l19x.o(RESET)
</UL>
<P><STRONG><a name="[13]"></a>I2C1_IRQHandler</STRONG> (Thumb, 0 bytes, Stack size 0 bytes, startup_hc32l19x.o(.text))
<BR>[Address Reference Count : 1]<UL><LI> startup_hc32l19x.o(RESET)
</UL>
<P><STRONG><a name="[23]"></a>LCD_IRQHandler</STRONG> (Thumb, 0 bytes, Stack size 0 bytes, startup_hc32l19x.o(.text))
<BR>[Address Reference Count : 1]<UL><LI> startup_hc32l19x.o(RESET)
</UL>
<P><STRONG><a name="[17]"></a>LPTIM0_1_IRQHandler</STRONG> (Thumb, 0 bytes, Stack size 0 bytes, startup_hc32l19x.o(.text))
<BR>[Address Reference Count : 1]<UL><LI> startup_hc32l19x.o(RESET)
</UL>
<P><STRONG><a name="[e]"></a>LPUART0_IRQHandler</STRONG> (Thumb, 0 bytes, Stack size 0 bytes, startup_hc32l19x.o(.text))
<BR>[Address Reference Count : 1]<UL><LI> startup_hc32l19x.o(RESET)
</UL>
<P><STRONG><a name="[f]"></a>LPUART1_IRQHandler</STRONG> (Thumb, 0 bytes, Stack size 0 bytes, startup_hc32l19x.o(.text))
<BR>[Address Reference Count : 1]<UL><LI> startup_hc32l19x.o(RESET)
</UL>
<P><STRONG><a name="[1b]"></a>PCA_IRQHandler</STRONG> (Thumb, 0 bytes, Stack size 0 bytes, startup_hc32l19x.o(.text))
<BR>[Address Reference Count : 1]<UL><LI> startup_hc32l19x.o(RESET)
</UL>
<P><STRONG><a name="[1f]"></a>PCNT_IRQHandler</STRONG> (Thumb, 0 bytes, Stack size 0 bytes, startup_hc32l19x.o(.text))
<BR>[Address Reference Count : 1]<UL><LI> startup_hc32l19x.o(RESET)
</UL>
<P><STRONG><a name="[1d]"></a>RTC_IRQHandler</STRONG> (Thumb, 0 bytes, Stack size 0 bytes, startup_hc32l19x.o(.text))
<BR>[Address Reference Count : 1]<UL><LI> startup_hc32l19x.o(RESET)
</UL>
<P><STRONG><a name="[10]"></a>SPI0_I2S0_IRQHandler</STRONG> (Thumb, 0 bytes, Stack size 0 bytes, startup_hc32l19x.o(.text))
<BR>[Address Reference Count : 1]<UL><LI> startup_hc32l19x.o(RESET)
</UL>
<P><STRONG><a name="[11]"></a>SPI1_I2S1_IRQHandler</STRONG> (Thumb, 0 bytes, Stack size 0 bytes, startup_hc32l19x.o(.text))
<BR>[Address Reference Count : 1]<UL><LI> startup_hc32l19x.o(RESET)
</UL>
<P><STRONG><a name="[18]"></a>TIM4_IRQHandler</STRONG> (Thumb, 0 bytes, Stack size 0 bytes, startup_hc32l19x.o(.text))
<BR>[Address Reference Count : 1]<UL><LI> startup_hc32l19x.o(RESET)
</UL>
<P><STRONG><a name="[19]"></a>TIM5_IRQHandler</STRONG> (Thumb, 0 bytes, Stack size 0 bytes, startup_hc32l19x.o(.text))
<BR>[Address Reference Count : 1]<UL><LI> startup_hc32l19x.o(RESET)
</UL>
<P><STRONG><a name="[1a]"></a>TIM6_IRQHandler</STRONG> (Thumb, 0 bytes, Stack size 0 bytes, startup_hc32l19x.o(.text))
<BR>[Address Reference Count : 1]<UL><LI> startup_hc32l19x.o(RESET)
</UL>
<P><STRONG><a name="[21]"></a>USBFS_IRQHandler</STRONG> (Thumb, 0 bytes, Stack size 0 bytes, startup_hc32l19x.o(.text))
<BR>[Address Reference Count : 1]<UL><LI> startup_hc32l19x.o(RESET)
</UL>
<P><STRONG><a name="[20]"></a>VC0_1_2_LVD_IRQHandler</STRONG> (Thumb, 0 bytes, Stack size 0 bytes, startup_hc32l19x.o(.text))
<BR>[Address Reference Count : 1]<UL><LI> startup_hc32l19x.o(RESET)
</UL>
<P><STRONG><a name="[1c]"></a>WDT_IRQHandler</STRONG> (Thumb, 0 bytes, Stack size 0 bytes, startup_hc32l19x.o(.text))
<BR>[Address Reference Count : 1]<UL><LI> startup_hc32l19x.o(RESET)
</UL>
<P><STRONG><a name="[123]"></a>__user_initial_stackheap</STRONG> (Thumb, 0 bytes, Stack size unknown bytes, startup_hc32l19x.o(.text))
<BR><BR>[Called By]<UL><LI><a href="#[b7]">&gt;&gt;</a>&nbsp;&nbsp;&nbsp;__user_setup_stackheap
</UL>

<P><STRONG><a name="[c1]"></a>__rt_ctype_table</STRONG> (Thumb, 16 bytes, Stack size 8 bytes, rt_ctype_table.o(.text), UNUSED)
<BR><BR>[Calls]<UL><LI><a href="#[ab]">&gt;&gt;</a>&nbsp;&nbsp;&nbsp;__rt_locale
</UL>
<BR>[Called By]<UL><LI><a href="#[118]">&gt;&gt;</a>&nbsp;&nbsp;&nbsp;_c16rtomb
</UL>

<P><STRONG><a name="[131]"></a>__aeabi_errno_addr</STRONG> (Thumb, 8 bytes, Stack size 0 bytes, rt_errno_addr_intlibspace.o(.text))
<BR><BR>[Called By]<UL><LI><a href="#[236]">&gt;&gt;</a>&nbsp;&nbsp;&nbsp;modbus_reply
<LI><a href="#[235]">&gt;&gt;</a>&nbsp;&nbsp;&nbsp;modbus_receive
<LI><a href="#[273]">&gt;&gt;</a>&nbsp;&nbsp;&nbsp;modbus_flush
<LI><a href="#[272]">&gt;&gt;</a>&nbsp;&nbsp;&nbsp;modbus_connect
<LI><a href="#[267]">&gt;&gt;</a>&nbsp;&nbsp;&nbsp;_error_print
<LI><a href="#[276]">&gt;&gt;</a>&nbsp;&nbsp;&nbsp;send_msg
<LI><a href="#[12a]">&gt;&gt;</a>&nbsp;&nbsp;&nbsp;_ftell_internal
</UL>

<P><STRONG><a name="[2b5]"></a>__errno$intlibspace</STRONG> (Thumb, 0 bytes, Stack size 0 bytes, rt_errno_addr_intlibspace.o(.text), UNUSED)

<P><STRONG><a name="[2b6]"></a>__rt_errno_addr$intlibspace</STRONG> (Thumb, 0 bytes, Stack size 0 bytes, rt_errno_addr_intlibspace.o(.text), UNUSED)

<P><STRONG><a name="[c2]"></a>malloc</STRONG> (Thumb, 98 bytes, Stack size 16 bytes, h1_alloc.o(.text))
<BR><BR>[Stack]<UL><LI>Max Depth = 56<LI>Call Chain = malloc &rArr; __Heap_Full &rArr; __Heap_ProvideMemory &rArr; free
</UL>
<BR>[Calls]<UL><LI><a href="#[c4]">&gt;&gt;</a>&nbsp;&nbsp;&nbsp;__Heap_Full
<LI><a href="#[c3]">&gt;&gt;</a>&nbsp;&nbsp;&nbsp;__rt_heap_descriptor
</UL>
<BR>[Called By]<UL><LI><a href="#[204]">&gt;&gt;</a>&nbsp;&nbsp;&nbsp;ArduinoJson6185_11::DefaultAllocator::allocate(unsigned)
<LI><a href="#[124]">&gt;&gt;</a>&nbsp;&nbsp;&nbsp;__flsbuf
<LI><a href="#[115]">&gt;&gt;</a>&nbsp;&nbsp;&nbsp;fopen
<LI><a href="#[d8]">&gt;&gt;</a>&nbsp;&nbsp;&nbsp;__aeabi_atexit
</UL>

<P><STRONG><a name="[c5]"></a>free</STRONG> (Thumb, 76 bytes, Stack size 16 bytes, h1_free.o(.text))
<BR><BR>[Stack]<UL><LI>Max Depth = 16<LI>Call Chain = free
</UL>
<BR>[Calls]<UL><LI><a href="#[c3]">&gt;&gt;</a>&nbsp;&nbsp;&nbsp;__rt_heap_descriptor
</UL>
<BR>[Called By]<UL><LI><a href="#[202]">&gt;&gt;</a>&nbsp;&nbsp;&nbsp;ArduinoJson6185_11::DefaultAllocator::deallocate(void*)
<LI><a href="#[1b1]">&gt;&gt;</a>&nbsp;&nbsp;&nbsp;operator delete (void*)
<LI><a href="#[1b2]">&gt;&gt;</a>&nbsp;&nbsp;&nbsp;ModbusClient::~ModbusClient()
<LI><a href="#[1b5]">&gt;&gt;</a>&nbsp;&nbsp;&nbsp;ModbusServer::~ModbusServer()
<LI><a href="#[b5]">&gt;&gt;</a>&nbsp;&nbsp;&nbsp;_terminateio
<LI><a href="#[b3]">&gt;&gt;</a>&nbsp;&nbsp;&nbsp;__cxa_finalize
<LI><a href="#[108]">&gt;&gt;</a>&nbsp;&nbsp;&nbsp;_fclose_internal
<LI><a href="#[f1]">&gt;&gt;</a>&nbsp;&nbsp;&nbsp;__Heap_ProvideMemory
</UL>

<P><STRONG><a name="[244]"></a>__aeabi_lmul</STRONG> (Thumb, 48 bytes, Stack size 12 bytes, llmul.o(.text))
<BR><BR>[Stack]<UL><LI>Max Depth = 12<LI>Call Chain = __aeabi_lmul
</UL>
<BR>[Called By]<UL><LI><a href="#[242]">&gt;&gt;</a>&nbsp;&nbsp;&nbsp;Print::printNumber(unsigned long long, unsigned char)
</UL>

<P><STRONG><a name="[2b7]"></a>_ll_mul</STRONG> (Thumb, 0 bytes, Stack size 12 bytes, llmul.o(.text), UNUSED)

<P><STRONG><a name="[243]"></a>__aeabi_uldivmod</STRONG> (Thumb, 258 bytes, Stack size 32 bytes, lludiv.o(.text))
<BR><BR>[Stack]<UL><LI>Max Depth = 32<LI>Call Chain = __aeabi_uldivmod
</UL>
<BR>[Called By]<UL><LI><a href="#[242]">&gt;&gt;</a>&nbsp;&nbsp;&nbsp;Print::printNumber(unsigned long long, unsigned char)
</UL>

<P><STRONG><a name="[2b8]"></a>_ll_udiv</STRONG> (Thumb, 0 bytes, Stack size 32 bytes, lludiv.o(.text), UNUSED)

<P><STRONG><a name="[c6]"></a>vfprintf</STRONG> (Thumb, 14 bytes, Stack size 8 bytes, vfprintf.o(.text))
<BR><BR>[Stack]<UL><LI>Max Depth = 120 + Unknown Stack Size
<LI>Call Chain = vfprintf &rArr; _printf_char_file &rArr; _printf_char_common &rArr; __printf
</UL>
<BR>[Calls]<UL><LI><a href="#[c7]">&gt;&gt;</a>&nbsp;&nbsp;&nbsp;_printf_char_file
</UL>
<BR>[Called By]<UL><LI><a href="#[275]">&gt;&gt;</a>&nbsp;&nbsp;&nbsp;response_exception
</UL>

<P><STRONG><a name="[c8]"></a>vsnprintf</STRONG> (Thumb, 50 bytes, Stack size 24 bytes, vsnprintf.o(.text))
<BR><BR>[Stack]<UL><LI>Max Depth = 120 + Unknown Stack Size
<LI>Call Chain = vsnprintf &rArr; _printf_char_common &rArr; __printf
</UL>
<BR>[Calls]<UL><LI><a href="#[ca]">&gt;&gt;</a>&nbsp;&nbsp;&nbsp;_sputc
<LI><a href="#[c9]">&gt;&gt;</a>&nbsp;&nbsp;&nbsp;_printf_char_common
</UL>
<BR>[Called By]<UL><LI><a href="#[146]">&gt;&gt;</a>&nbsp;&nbsp;&nbsp;LLA_UART_Printf
<LI><a href="#[139]">&gt;&gt;</a>&nbsp;&nbsp;&nbsp;Debug_printf
<LI><a href="#[137]">&gt;&gt;</a>&nbsp;&nbsp;&nbsp;Debug_fprintf
<LI><a href="#[231]">&gt;&gt;</a>&nbsp;&nbsp;&nbsp;Arduino_DebugUtils::vPrint(const char*, std::__va_list)
</UL>

<P><STRONG><a name="[cb]"></a>__2snprintf</STRONG> (Thumb, 54 bytes, Stack size 40 bytes, __2snprintf.o(.text))
<BR><BR>[Stack]<UL><LI>Max Depth = 136 + Unknown Stack Size
<LI>Call Chain = __2snprintf &rArr; _printf_char_common &rArr; __printf
</UL>
<BR>[Calls]<UL><LI><a href="#[ca]">&gt;&gt;</a>&nbsp;&nbsp;&nbsp;_sputc
<LI><a href="#[c9]">&gt;&gt;</a>&nbsp;&nbsp;&nbsp;_printf_char_common
</UL>
<BR>[Called By]<UL><LI><a href="#[22e]">&gt;&gt;</a>&nbsp;&nbsp;&nbsp;Arduino_DebugUtils::printTimestamp()
</UL>

<P><STRONG><a name="[cd]"></a>_printf_pre_padding</STRONG> (Thumb, 44 bytes, Stack size 16 bytes, _printf_pad.o(.text))
<BR><BR>[Stack]<UL><LI>Max Depth = 16<LI>Call Chain = _printf_pre_padding
</UL>
<BR>[Called By]<UL><LI><a href="#[101]">&gt;&gt;</a>&nbsp;&nbsp;&nbsp;_printf_wctomb
<LI><a href="#[30]">&gt;&gt;</a>&nbsp;&nbsp;&nbsp;_printf_fp_hex_real
<LI><a href="#[2f]">&gt;&gt;</a>&nbsp;&nbsp;&nbsp;_printf_fp_dec_real
<LI><a href="#[d2]">&gt;&gt;</a>&nbsp;&nbsp;&nbsp;_printf_int_common
<LI><a href="#[cc]">&gt;&gt;</a>&nbsp;&nbsp;&nbsp;_printf_str
<LI><a href="#[fc]">&gt;&gt;</a>&nbsp;&nbsp;&nbsp;_printf_fp_infnan
</UL>

<P><STRONG><a name="[ce]"></a>_printf_post_padding</STRONG> (Thumb, 34 bytes, Stack size 16 bytes, _printf_pad.o(.text))
<BR><BR>[Stack]<UL><LI>Max Depth = 16<LI>Call Chain = _printf_post_padding
</UL>
<BR>[Called By]<UL><LI><a href="#[101]">&gt;&gt;</a>&nbsp;&nbsp;&nbsp;_printf_wctomb
<LI><a href="#[30]">&gt;&gt;</a>&nbsp;&nbsp;&nbsp;_printf_fp_hex_real
<LI><a href="#[2f]">&gt;&gt;</a>&nbsp;&nbsp;&nbsp;_printf_fp_dec_real
<LI><a href="#[d2]">&gt;&gt;</a>&nbsp;&nbsp;&nbsp;_printf_int_common
<LI><a href="#[cc]">&gt;&gt;</a>&nbsp;&nbsp;&nbsp;_printf_str
<LI><a href="#[fc]">&gt;&gt;</a>&nbsp;&nbsp;&nbsp;_printf_fp_infnan
</UL>

<P><STRONG><a name="[cc]"></a>_printf_str</STRONG> (Thumb, 82 bytes, Stack size 16 bytes, _printf_str.o(.text))
<BR><BR>[Stack]<UL><LI>Max Depth = 32<LI>Call Chain = _printf_str &rArr; _printf_post_padding
</UL>
<BR>[Calls]<UL><LI><a href="#[ce]">&gt;&gt;</a>&nbsp;&nbsp;&nbsp;_printf_post_padding
<LI><a href="#[cd]">&gt;&gt;</a>&nbsp;&nbsp;&nbsp;_printf_pre_padding
</UL>
<BR>[Called By]<UL><LI><a href="#[fe]">&gt;&gt;</a>&nbsp;&nbsp;&nbsp;_printf_cs_common
</UL>

<P><STRONG><a name="[90]"></a>_printf_int_dec</STRONG> (Thumb, 90 bytes, Stack size 32 bytes, _printf_dec.o(.text))
<BR><BR>[Stack]<UL><LI>Max Depth = 88<LI>Call Chain = _printf_int_dec &rArr; _printf_int_common &rArr; _printf_post_padding
</UL>
<BR>[Calls]<UL><LI><a href="#[d2]">&gt;&gt;</a>&nbsp;&nbsp;&nbsp;_printf_int_common
<LI><a href="#[d0]">&gt;&gt;</a>&nbsp;&nbsp;&nbsp;_printf_truncate_unsigned
<LI><a href="#[cf]">&gt;&gt;</a>&nbsp;&nbsp;&nbsp;_printf_truncate_signed
<LI><a href="#[d1]">&gt;&gt;</a>&nbsp;&nbsp;&nbsp;__rt_udiv10
</UL>
<BR>[Called By]<UL><LI><a href="#[91]">&gt;&gt;</a>&nbsp;&nbsp;&nbsp;_printf_u
<LI><a href="#[8f]">&gt;&gt;</a>&nbsp;&nbsp;&nbsp;_printf_d
<LI><a href="#[8e]">&gt;&gt;</a>&nbsp;&nbsp;&nbsp;_printf_i
</UL>

<P><STRONG><a name="[d3]"></a>_printf_longlong_hex</STRONG> (Thumb, 88 bytes, Stack size 24 bytes, _printf_hex_int_ll_ptr.o(.text))
<BR><BR>[Stack]<UL><LI>Max Depth = 80<LI>Call Chain = _printf_longlong_hex &rArr; _printf_int_common &rArr; _printf_post_padding
</UL>
<BR>[Calls]<UL><LI><a href="#[d2]">&gt;&gt;</a>&nbsp;&nbsp;&nbsp;_printf_int_common
</UL>
<BR>[Called By]<UL><LI><a href="#[87]">&gt;&gt;</a>&nbsp;&nbsp;&nbsp;_printf_hex_ptr
<LI><a href="#[9e]">&gt;&gt;</a>&nbsp;&nbsp;&nbsp;_printf_ll_hex
<LI><a href="#[96]">&gt;&gt;</a>&nbsp;&nbsp;&nbsp;_printf_int_hex
</UL>

<P><STRONG><a name="[96]"></a>_printf_int_hex</STRONG> (Thumb, 28 bytes, Stack size 16 bytes, _printf_hex_int_ll_ptr.o(.text))
<BR><BR>[Stack]<UL><LI>Max Depth = 96<LI>Call Chain = _printf_int_hex &rArr; _printf_longlong_hex &rArr; _printf_int_common &rArr; _printf_post_padding
</UL>
<BR>[Calls]<UL><LI><a href="#[d0]">&gt;&gt;</a>&nbsp;&nbsp;&nbsp;_printf_truncate_unsigned
<LI><a href="#[d3]">&gt;&gt;</a>&nbsp;&nbsp;&nbsp;_printf_longlong_hex
</UL>
<BR>[Called By]<UL><LI><a href="#[93]">&gt;&gt;</a>&nbsp;&nbsp;&nbsp;_printf_x
</UL>

<P><STRONG><a name="[9e]"></a>_printf_ll_hex</STRONG> (Thumb, 10 bytes, Stack size 0 bytes, _printf_hex_int_ll_ptr.o(.text))
<BR><BR>[Stack]<UL><LI>Max Depth = 80<LI>Call Chain = _printf_ll_hex &rArr; _printf_longlong_hex &rArr; _printf_int_common &rArr; _printf_post_padding
</UL>
<BR>[Calls]<UL><LI><a href="#[d3]">&gt;&gt;</a>&nbsp;&nbsp;&nbsp;_printf_longlong_hex
</UL>
<BR>[Called By]<UL><LI><a href="#[9b]">&gt;&gt;</a>&nbsp;&nbsp;&nbsp;_printf_llx
</UL>

<P><STRONG><a name="[87]"></a>_printf_hex_ptr</STRONG> (Thumb, 22 bytes, Stack size 8 bytes, _printf_hex_int_ll_ptr.o(.text))
<BR><BR>[Stack]<UL><LI>Max Depth = 88<LI>Call Chain = _printf_hex_ptr &rArr; _printf_longlong_hex &rArr; _printf_int_common &rArr; _printf_post_padding
</UL>
[...]
<BR><BR>[Stack]<UL><LI>Max Depth = 32<LI>Call Chain = __cxx_global_var_init &rArr; IPAddress::IPAddress(unsigned char, unsigned char, unsigned char, unsigned char)
</UL>
<BR>[Calls]<UL><LI><a href="#[258]">&gt;&gt;</a>&nbsp;&nbsp;&nbsp;IPAddress::IPAddress(unsigned char, unsigned char, unsigned char, unsigned char)
</UL>
<BR>[Called By]<UL><LI><a href="#[72]">&gt;&gt;</a>&nbsp;&nbsp;&nbsp;_GLOBAL__sub_I_Ethernet.cpp
</UL>

<P><STRONG><a name="[18f]"></a>__cxx_global_var_init.1</STRONG> (Thumb, 16 bytes, Stack size 8 bytes, ethernet.o(.text.__cxx_global_var_init.1))
<BR><BR>[Stack]<UL><LI>Max Depth = 16<LI>Call Chain = __cxx_global_var_init.1 &rArr; IPAddress::IPAddress()
</UL>
<BR>[Calls]<UL><LI><a href="#[25a]">&gt;&gt;</a>&nbsp;&nbsp;&nbsp;IPAddress::IPAddress()
</UL>
<BR>[Called By]<UL><LI><a href="#[72]">&gt;&gt;</a>&nbsp;&nbsp;&nbsp;_GLOBAL__sub_I_Ethernet.cpp
</UL>

<P><STRONG><a name="[73]"></a>_GLOBAL__sub_I_EthernetClient.cpp</STRONG> (Thumb, 8 bytes, Stack size 8 bytes, ethernetclient.o(.text._GLOBAL__sub_I_EthernetClient.cpp))
<BR><BR>[Stack]<UL><LI>Max Depth = 40<LI>Call Chain = _GLOBAL__sub_I_EthernetClient.cpp &rArr; __cxx_global_var_init &rArr; IPAddress::IPAddress(unsigned char, unsigned char, unsigned char, unsigned char)
</UL>
<BR>[Calls]<UL><LI><a href="#[190]">&gt;&gt;</a>&nbsp;&nbsp;&nbsp;__cxx_global_var_init
</UL>
<BR>[Address Reference Count : 1]<UL><LI> ethernetclient.o(.init_array)
</UL>
<P><STRONG><a name="[190]"></a>__cxx_global_var_init</STRONG> (Thumb, 28 bytes, Stack size 16 bytes, ethernetclient.o(.text.__cxx_global_var_init))
<BR><BR>[Stack]<UL><LI>Max Depth = 32<LI>Call Chain = __cxx_global_var_init &rArr; IPAddress::IPAddress(unsigned char, unsigned char, unsigned char, unsigned char)
</UL>
<BR>[Calls]<UL><LI><a href="#[258]">&gt;&gt;</a>&nbsp;&nbsp;&nbsp;IPAddress::IPAddress(unsigned char, unsigned char, unsigned char, unsigned char)
</UL>
<BR>[Called By]<UL><LI><a href="#[73]">&gt;&gt;</a>&nbsp;&nbsp;&nbsp;_GLOBAL__sub_I_EthernetClient.cpp
</UL>

<P><STRONG><a name="[74]"></a>_GLOBAL__sub_I_EthernetServer.cpp</STRONG> (Thumb, 8 bytes, Stack size 8 bytes, ethernetserver.o(.text._GLOBAL__sub_I_EthernetServer.cpp))
<BR><BR>[Stack]<UL><LI>Max Depth = 40<LI>Call Chain = _GLOBAL__sub_I_EthernetServer.cpp &rArr; __cxx_global_var_init &rArr; IPAddress::IPAddress(unsigned char, unsigned char, unsigned char, unsigned char)
</UL>
<BR>[Calls]<UL><LI><a href="#[191]">&gt;&gt;</a>&nbsp;&nbsp;&nbsp;__cxx_global_var_init
</UL>
<BR>[Address Reference Count : 1]<UL><LI> ethernetserver.o(.init_array)
</UL>
<P><STRONG><a name="[191]"></a>__cxx_global_var_init</STRONG> (Thumb, 28 bytes, Stack size 16 bytes, ethernetserver.o(.text.__cxx_global_var_init))
<BR><BR>[Stack]<UL><LI>Max Depth = 32<LI>Call Chain = __cxx_global_var_init &rArr; IPAddress::IPAddress(unsigned char, unsigned char, unsigned char, unsigned char)
</UL>
<BR>[Calls]<UL><LI><a href="#[258]">&gt;&gt;</a>&nbsp;&nbsp;&nbsp;IPAddress::IPAddress(unsigned char, unsigned char, unsigned char, unsigned char)
</UL>
<BR>[Called By]<UL><LI><a href="#[74]">&gt;&gt;</a>&nbsp;&nbsp;&nbsp;_GLOBAL__sub_I_EthernetServer.cpp
</UL>

<P><STRONG><a name="[75]"></a>_GLOBAL__sub_I_EthernetUdp.cpp</STRONG> (Thumb, 8 bytes, Stack size 8 bytes, ethernetudp.o(.text._GLOBAL__sub_I_EthernetUdp.cpp))
<BR><BR>[Stack]<UL><LI>Max Depth = 40<LI>Call Chain = _GLOBAL__sub_I_EthernetUdp.cpp &rArr; __cxx_global_var_init &rArr; IPAddress::IPAddress(unsigned char, unsigned char, unsigned char, unsigned char)
</UL>
<BR>[Calls]<UL><LI><a href="#[192]">&gt;&gt;</a>&nbsp;&nbsp;&nbsp;__cxx_global_var_init
</UL>
<BR>[Address Reference Count : 1]<UL><LI> ethernetudp.o(.init_array)
</UL>
<P><STRONG><a name="[192]"></a>__cxx_global_var_init</STRONG> (Thumb, 28 bytes, Stack size 16 bytes, ethernetudp.o(.text.__cxx_global_var_init))
<BR><BR>[Stack]<UL><LI>Max Depth = 32<LI>Call Chain = __cxx_global_var_init &rArr; IPAddress::IPAddress(unsigned char, unsigned char, unsigned char, unsigned char)
</UL>
<BR>[Calls]<UL><LI><a href="#[258]">&gt;&gt;</a>&nbsp;&nbsp;&nbsp;IPAddress::IPAddress(unsigned char, unsigned char, unsigned char, unsigned char)
</UL>
<BR>[Called By]<UL><LI><a href="#[75]">&gt;&gt;</a>&nbsp;&nbsp;&nbsp;_GLOBAL__sub_I_EthernetUdp.cpp
</UL>

<P><STRONG><a name="[76]"></a>_GLOBAL__sub_I_socket.cpp</STRONG> (Thumb, 8 bytes, Stack size 8 bytes, socket.o(.text._GLOBAL__sub_I_socket.cpp))
<BR><BR>[Stack]<UL><LI>Max Depth = 40<LI>Call Chain = _GLOBAL__sub_I_socket.cpp &rArr; __cxx_global_var_init &rArr; IPAddress::IPAddress(unsigned char, unsigned char, unsigned char, unsigned char)
</UL>
<BR>[Calls]<UL><LI><a href="#[19e]">&gt;&gt;</a>&nbsp;&nbsp;&nbsp;__cxx_global_var_init
</UL>
<BR>[Address Reference Count : 1]<UL><LI> socket.o(.init_array)
</UL>
<P><STRONG><a name="[19e]"></a>__cxx_global_var_init</STRONG> (Thumb, 28 bytes, Stack size 16 bytes, socket.o(.text.__cxx_global_var_init))
<BR><BR>[Stack]<UL><LI>Max Depth = 32<LI>Call Chain = __cxx_global_var_init &rArr; IPAddress::IPAddress(unsigned char, unsigned char, unsigned char, unsigned char)
</UL>
<BR>[Calls]<UL><LI><a href="#[258]">&gt;&gt;</a>&nbsp;&nbsp;&nbsp;IPAddress::IPAddress(unsigned char, unsigned char, unsigned char, unsigned char)
</UL>
<BR>[Called By]<UL><LI><a href="#[76]">&gt;&gt;</a>&nbsp;&nbsp;&nbsp;_GLOBAL__sub_I_socket.cpp
</UL>

<P><STRONG><a name="[269]"></a>_sleep_response_timeout</STRONG> (Thumb, 24 bytes, Stack size 8 bytes, modbus.o(.text._sleep_response_timeout))
<BR><BR>[Stack]<UL><LI>Max Depth = 40<LI>Call Chain = _sleep_response_timeout &rArr; delay &rArr; LLA_SYS_Time_DelayMS &rArr; LLA_SYS_Time_ConsumeMillis
</UL>
<BR>[Calls]<UL><LI><a href="#[252]">&gt;&gt;</a>&nbsp;&nbsp;&nbsp;delayMicroseconds
<LI><a href="#[26a]">&gt;&gt;</a>&nbsp;&nbsp;&nbsp;delay
</UL>
<BR>[Called By]<UL><LI><a href="#[276]">&gt;&gt;</a>&nbsp;&nbsp;&nbsp;send_msg
<LI><a href="#[275]">&gt;&gt;</a>&nbsp;&nbsp;&nbsp;response_exception
</UL>

<P><STRONG><a name="[275]"></a>response_exception</STRONG> (Thumb, 80 bytes, Stack size 32 bytes, modbus.o(.text.response_exception))
<BR><BR>[Stack]<UL><LI>Max Depth = 1304 + Unknown Stack Size
<LI>Call Chain = response_exception &rArr; modbus_flush &rArr; Debug_printf &rArr; Arduino_DebugUtils::print(int, const char*, ...) &rArr; Arduino_DebugUtils::printTimestamp() &rArr; __2snprintf &rArr; _printf_char_common &rArr; __printf
</UL>
<BR>[Calls]<UL><LI><a href="#[273]">&gt;&gt;</a>&nbsp;&nbsp;&nbsp;modbus_flush
<LI><a href="#[269]">&gt;&gt;</a>&nbsp;&nbsp;&nbsp;_sleep_response_timeout
<LI><a href="#[c6]">&gt;&gt;</a>&nbsp;&nbsp;&nbsp;vfprintf
</UL>
<BR>[Called By]<UL><LI><a href="#[236]">&gt;&gt;</a>&nbsp;&nbsp;&nbsp;modbus_reply
</UL>

<P><STRONG><a name="[274]"></a>response_io_status</STRONG> (Thumb, 54 bytes, Stack size 20 bytes, modbus.o(.text.response_io_status))
<BR><BR>[Stack]<UL><LI>Max Depth = 20<LI>Call Chain = response_io_status
</UL>
<BR>[Called By]<UL><LI><a href="#[236]">&gt;&gt;</a>&nbsp;&nbsp;&nbsp;modbus_reply
</UL>

<P><STRONG><a name="[276]"></a>send_msg</STRONG> (Thumb, 212 bytes, Stack size 32 bytes, modbus.o(.text.send_msg))
<BR><BR>[Stack]<UL><LI>Max Depth = 1304 + Unknown Stack Size
<LI>Call Chain = send_msg &rArr; modbus_flush &rArr; Debug_printf &rArr; Arduino_DebugUtils::print(int, const char*, ...) &rArr; Arduino_DebugUtils::printTimestamp() &rArr; __2snprintf &rArr; _printf_char_common &rArr; __printf
</UL>
<BR>[Calls]<UL><LI><a href="#[139]">&gt;&gt;</a>&nbsp;&nbsp;&nbsp;Debug_printf
<LI><a href="#[273]">&gt;&gt;</a>&nbsp;&nbsp;&nbsp;modbus_flush
<LI><a href="#[272]">&gt;&gt;</a>&nbsp;&nbsp;&nbsp;modbus_connect
<LI><a href="#[279]">&gt;&gt;</a>&nbsp;&nbsp;&nbsp;modbus_close
<LI><a href="#[267]">&gt;&gt;</a>&nbsp;&nbsp;&nbsp;_error_print
<LI><a href="#[269]">&gt;&gt;</a>&nbsp;&nbsp;&nbsp;_sleep_response_timeout
<LI><a href="#[131]">&gt;&gt;</a>&nbsp;&nbsp;&nbsp;__aeabi_errno_addr
</UL>
<BR>[Called By]<UL><LI><a href="#[236]">&gt;&gt;</a>&nbsp;&nbsp;&nbsp;modbus_reply
</UL>

<P><STRONG><a name="[77]"></a>_GLOBAL__sub_I_modbus_tcp.cpp</STRONG> (Thumb, 8 bytes, Stack size 8 bytes, modbus-tcp.o(.text._GLOBAL__sub_I_modbus_tcp.cpp))
<BR><BR>[Stack]<UL><LI>Max Depth = 40<LI>Call Chain = _GLOBAL__sub_I_modbus_tcp.cpp &rArr; __cxx_global_var_init &rArr; IPAddress::IPAddress(unsigned char, unsigned char, unsigned char, unsigned char)
</UL>
<BR>[Calls]<UL><LI><a href="#[19d]">&gt;&gt;</a>&nbsp;&nbsp;&nbsp;__cxx_global_var_init
</UL>
<BR>[Address Reference Count : 1]<UL><LI> modbus-tcp.o(.init_array)
</UL>
<P><STRONG><a name="[19d]"></a>__cxx_global_var_init</STRONG> (Thumb, 28 bytes, Stack size 16 bytes, modbus-tcp.o(.text.__cxx_global_var_init))
<BR><BR>[Stack]<UL><LI>Max Depth = 32<LI>Call Chain = __cxx_global_var_init &rArr; IPAddress::IPAddress(unsigned char, unsigned char, unsigned char, unsigned char)
</UL>
<BR>[Calls]<UL><LI><a href="#[258]">&gt;&gt;</a>&nbsp;&nbsp;&nbsp;IPAddress::IPAddress(unsigned char, unsigned char, unsigned char, unsigned char)
</UL>
<BR>[Called By]<UL><LI><a href="#[77]">&gt;&gt;</a>&nbsp;&nbsp;&nbsp;_GLOBAL__sub_I_modbus_tcp.cpp
</UL>

<P><STRONG><a name="[78]"></a>_GLOBAL__sub_I_ModbusRTUClient.cpp</STRONG> (Thumb, 8 bytes, Stack size 8 bytes, modbusrtuclient.o(.text._GLOBAL__sub_I_ModbusRTUClient.cpp))
<BR><BR>[Stack]<UL><LI>Max Depth = 104<LI>Call Chain = _GLOBAL__sub_I_ModbusRTUClient.cpp &rArr; __cxx_global_var_init &rArr; __cxa_atexit &rArr; __aeabi_atexit &rArr; malloc &rArr; __Heap_Full &rArr; __Heap_ProvideMemory &rArr; free
</UL>
<BR>[Calls]<UL><LI><a href="#[196]">&gt;&gt;</a>&nbsp;&nbsp;&nbsp;__cxx_global_var_init
</UL>
<BR>[Address Reference Count : 1]<UL><LI> modbusrtuclient.o(.init_array)
</UL>
<P><STRONG><a name="[196]"></a>__cxx_global_var_init</STRONG> (Thumb, 36 bytes, Stack size 8 bytes, modbusrtuclient.o(.text.__cxx_global_var_init))
<BR><BR>[Stack]<UL><LI>Max Depth = 96<LI>Call Chain = __cxx_global_var_init &rArr; __cxa_atexit &rArr; __aeabi_atexit &rArr; malloc &rArr; __Heap_Full &rArr; __Heap_ProvideMemory &rArr; free
</UL>
<BR>[Calls]<UL><LI><a href="#[265]">&gt;&gt;</a>&nbsp;&nbsp;&nbsp;ModbusRTUClientClass::ModbusRTUClientClass__sub_object()
<LI><a href="#[d7]">&gt;&gt;</a>&nbsp;&nbsp;&nbsp;__cxa_atexit
</UL>
<BR>[Called By]<UL><LI><a href="#[78]">&gt;&gt;</a>&nbsp;&nbsp;&nbsp;_GLOBAL__sub_I_ModbusRTUClient.cpp
</UL>

<P><STRONG><a name="[79]"></a>_GLOBAL__sub_I_ModbusRTUServer.cpp</STRONG> (Thumb, 8 bytes, Stack size 8 bytes, modbusrtuserver.o(.text._GLOBAL__sub_I_ModbusRTUServer.cpp))
<BR><BR>[Stack]<UL><LI>Max Depth = 104<LI>Call Chain = _GLOBAL__sub_I_ModbusRTUServer.cpp &rArr; __cxx_global_var_init &rArr; __cxa_atexit &rArr; __aeabi_atexit &rArr; malloc &rArr; __Heap_Full &rArr; __Heap_ProvideMemory &rArr; free
</UL>
<BR>[Calls]<UL><LI><a href="#[197]">&gt;&gt;</a>&nbsp;&nbsp;&nbsp;__cxx_global_var_init
</UL>
<BR>[Address Reference Count : 1]<UL><LI> modbusrtuserver.o(.init_array)
</UL>
<P><STRONG><a name="[197]"></a>__cxx_global_var_init</STRONG> (Thumb, 36 bytes, Stack size 8 bytes, modbusrtuserver.o(.text.__cxx_global_var_init))
<BR><BR>[Stack]<UL><LI>Max Depth = 96<LI>Call Chain = __cxx_global_var_init &rArr; __cxa_atexit &rArr; __aeabi_atexit &rArr; malloc &rArr; __Heap_Full &rArr; __Heap_ProvideMemory &rArr; free
</UL>
<BR>[Calls]<UL><LI><a href="#[266]">&gt;&gt;</a>&nbsp;&nbsp;&nbsp;ModbusRTUServerClass::ModbusRTUServerClass__sub_object()
<LI><a href="#[d7]">&gt;&gt;</a>&nbsp;&nbsp;&nbsp;__cxa_atexit
</UL>
<BR>[Called By]<UL><LI><a href="#[79]">&gt;&gt;</a>&nbsp;&nbsp;&nbsp;_GLOBAL__sub_I_ModbusRTUServer.cpp
</UL>

<P><STRONG><a name="[7a]"></a>_GLOBAL__sub_I_ModbusTCPClient.cpp</STRONG> (Thumb, 8 bytes, Stack size 8 bytes, modbustcpclient.o(.text._GLOBAL__sub_I_ModbusTCPClient.cpp))
<BR><BR>[Stack]<UL><LI>Max Depth = 40<LI>Call Chain = _GLOBAL__sub_I_ModbusTCPClient.cpp &rArr; __cxx_global_var_init &rArr; IPAddress::IPAddress(unsigned char, unsigned char, unsigned char, unsigned char)
</UL>
<BR>[Calls]<UL><LI><a href="#[198]">&gt;&gt;</a>&nbsp;&nbsp;&nbsp;__cxx_global_var_init
</UL>
<BR>[Address Reference Count : 1]<UL><LI> modbustcpclient.o(.init_array)
</UL>
<P><STRONG><a name="[198]"></a>__cxx_global_var_init</STRONG> (Thumb, 28 bytes, Stack size 16 bytes, modbustcpclient.o(.text.__cxx_global_var_init))
<BR><BR>[Stack]<UL><LI>Max Depth = 32<LI>Call Chain = __cxx_global_var_init &rArr; IPAddress::IPAddress(unsigned char, unsigned char, unsigned char, unsigned char)
</UL>
<BR>[Calls]<UL><LI><a href="#[258]">&gt;&gt;</a>&nbsp;&nbsp;&nbsp;IPAddress::IPAddress(unsigned char, unsigned char, unsigned char, unsigned char)
</UL>
<BR>[Called By]<UL><LI><a href="#[7a]">&gt;&gt;</a>&nbsp;&nbsp;&nbsp;_GLOBAL__sub_I_ModbusTCPClient.cpp
</UL>

<P><STRONG><a name="[7b]"></a>_GLOBAL__sub_I_ModbusTCPServer.cpp</STRONG> (Thumb, 8 bytes, Stack size 8 bytes, modbustcpserver.o(.text._GLOBAL__sub_I_ModbusTCPServer.cpp))
<BR><BR>[Stack]<UL><LI>Max Depth = 40<LI>Call Chain = _GLOBAL__sub_I_ModbusTCPServer.cpp &rArr; __cxx_global_var_init &rArr; IPAddress::IPAddress(unsigned char, unsigned char, unsigned char, unsigned char)
</UL>
<BR>[Calls]<UL><LI><a href="#[199]">&gt;&gt;</a>&nbsp;&nbsp;&nbsp;__cxx_global_var_init
</UL>
<BR>[Address Reference Count : 1]<UL><LI> modbustcpserver.o(.init_array)
</UL>
<P><STRONG><a name="[199]"></a>__cxx_global_var_init</STRONG> (Thumb, 28 bytes, Stack size 16 bytes, modbustcpserver.o(.text.__cxx_global_var_init))
<BR><BR>[Stack]<UL><LI>Max Depth = 32<LI>Call Chain = __cxx_global_var_init &rArr; IPAddress::IPAddress(unsigned char, unsigned char, unsigned char, unsigned char)
</UL>
<BR>[Calls]<UL><LI><a href="#[258]">&gt;&gt;</a>&nbsp;&nbsp;&nbsp;IPAddress::IPAddress(unsigned char, unsigned char, unsigned char, unsigned char)
</UL>
<BR>[Called By]<UL><LI><a href="#[7b]">&gt;&gt;</a>&nbsp;&nbsp;&nbsp;_GLOBAL__sub_I_ModbusTCPServer.cpp
</UL>

<P><STRONG><a name="[7c]"></a>_GLOBAL__sub_I_Adafruit_MQTT_Client.cpp</STRONG> (Thumb, 8 bytes, Stack size 8 bytes, adafruit_mqtt_client.o(.text._GLOBAL__sub_I_Adafruit_MQTT_Client.cpp))
<BR><BR>[Stack]<UL><LI>Max Depth = 40<LI>Call Chain = _GLOBAL__sub_I_Adafruit_MQTT_Client.cpp &rArr; __cxx_global_var_init &rArr; IPAddress::IPAddress(unsigned char, unsigned char, unsigned char, unsigned char)
</UL>
<BR>[Calls]<UL><LI><a href="#[18b]">&gt;&gt;</a>&nbsp;&nbsp;&nbsp;__cxx_global_var_init
</UL>
<BR>[Address Reference Count : 1]<UL><LI> adafruit_mqtt_client.o(.init_array)
</UL>
<P><STRONG><a name="[18b]"></a>__cxx_global_var_init</STRONG> (Thumb, 28 bytes, Stack size 16 bytes, adafruit_mqtt_client.o(.text.__cxx_global_var_init))
<BR><BR>[Stack]<UL><LI>Max Depth = 32<LI>Call Chain = __cxx_global_var_init &rArr; IPAddress::IPAddress(unsigned char, unsigned char, unsigned char, unsigned char)
</UL>
<BR>[Calls]<UL><LI><a href="#[258]">&gt;&gt;</a>&nbsp;&nbsp;&nbsp;IPAddress::IPAddress(unsigned char, unsigned char, unsigned char, unsigned char)
</UL>
<BR>[Called By]<UL><LI><a href="#[7c]">&gt;&gt;</a>&nbsp;&nbsp;&nbsp;_GLOBAL__sub_I_Adafruit_MQTT_Client.cpp
</UL>

<P><STRONG><a name="[7d]"></a>_GLOBAL__sub_I_NTPClient.cpp</STRONG> (Thumb, 8 bytes, Stack size 8 bytes, ntpclient.o(.text._GLOBAL__sub_I_NTPClient.cpp))
<BR><BR>[Stack]<UL><LI>Max Depth = 40<LI>Call Chain = _GLOBAL__sub_I_NTPClient.cpp &rArr; __cxx_global_var_init &rArr; IPAddress::IPAddress(unsigned char, unsigned char, unsigned char, unsigned char)
</UL>
<BR>[Calls]<UL><LI><a href="#[19a]">&gt;&gt;</a>&nbsp;&nbsp;&nbsp;__cxx_global_var_init
</UL>
<BR>[Address Reference Count : 1]<UL><LI> ntpclient.o(.init_array)
</UL>
<P><STRONG><a name="[19a]"></a>__cxx_global_var_init</STRONG> (Thumb, 28 bytes, Stack size 16 bytes, ntpclient.o(.text.__cxx_global_var_init))
<BR><BR>[Stack]<UL><LI>Max Depth = 32<LI>Call Chain = __cxx_global_var_init &rArr; IPAddress::IPAddress(unsigned char, unsigned char, unsigned char, unsigned char)
</UL>
<BR>[Calls]<UL><LI><a href="#[258]">&gt;&gt;</a>&nbsp;&nbsp;&nbsp;IPAddress::IPAddress(unsigned char, unsigned char, unsigned char, unsigned char)
</UL>
<BR>[Called By]<UL><LI><a href="#[7d]">&gt;&gt;</a>&nbsp;&nbsp;&nbsp;_GLOBAL__sub_I_NTPClient.cpp
</UL>

<P><STRONG><a name="[26c]"></a>stderr_putchar</STRONG> (Thumb, 4 bytes, Stack size 0 bytes, retarget_io.o(.text.stderr_putchar))
<BR><BR>[Called By]<UL><LI><a href="#[12c]">&gt;&gt;</a>&nbsp;&nbsp;&nbsp;_sys_write
</UL>

<P><STRONG><a name="[26b]"></a>stdout_putchar</STRONG> (Thumb, 4 bytes, Stack size 0 bytes, retarget_io.o(.text.stdout_putchar))
<BR><BR>[Called By]<UL><LI><a href="#[12c]">&gt;&gt;</a>&nbsp;&nbsp;&nbsp;_sys_write
</UL>

<P><STRONG><a name="[e1]"></a>_dadd1</STRONG> (Thumb, 290 bytes, Stack size 20 bytes, daddsub.o(.text), UNUSED)
<BR><BR>[Called By]<UL><LI><a href="#[e3]">&gt;&gt;</a>&nbsp;&nbsp;&nbsp;_drsb
<LI><a href="#[e2]">&gt;&gt;</a>&nbsp;&nbsp;&nbsp;_dsub
<LI><a href="#[df]">&gt;&gt;</a>&nbsp;&nbsp;&nbsp;_dadd
</UL>

<P><STRONG><a name="[e0]"></a>_dsub1</STRONG> (Thumb, 470 bytes, Stack size 40 bytes, daddsub.o(.text), UNUSED)
<BR><BR>[Called By]<UL><LI><a href="#[e3]">&gt;&gt;</a>&nbsp;&nbsp;&nbsp;_drsb
<LI><a href="#[e2]">&gt;&gt;</a>&nbsp;&nbsp;&nbsp;_dsub
<LI><a href="#[df]">&gt;&gt;</a>&nbsp;&nbsp;&nbsp;_dadd
</UL>

<P><STRONG><a name="[290]"></a>_fadd1</STRONG> (Thumb, 0 bytes, Stack size unknown bytes, faddsub.o(x$fpl$fadd), UNUSED)
<BR><BR>[Called By]<UL><LI><a href="#[28f]">&gt;&gt;</a>&nbsp;&nbsp;&nbsp;_fsub
</UL>

<P><STRONG><a name="[28e]"></a>_fsub1</STRONG> (Thumb, 0 bytes, Stack size unknown bytes, faddsub.o(x$fpl$fsub), UNUSED)
<BR><BR>[Called By]<UL><LI><a href="#[28d]">&gt;&gt;</a>&nbsp;&nbsp;&nbsp;_fadd
</UL>

<P><STRONG><a name="[f5]"></a>_fp_digits</STRONG> (Thumb, 412 bytes, Stack size 96 bytes, _printf_fp_dec.o(.text))
<BR><BR>[Stack]<UL><LI>Max Depth = 272<LI>Call Chain = _fp_digits &rArr; _btod_etento &rArr; _btod_emul &rArr; btod_internal_mul &rArr; __ARM_common_ll_muluu
</UL>
<BR>[Calls]<UL><LI><a href="#[f8]">&gt;&gt;</a>&nbsp;&nbsp;&nbsp;_btod_ediv
<LI><a href="#[f9]">&gt;&gt;</a>&nbsp;&nbsp;&nbsp;_btod_emul
<LI><a href="#[f7]">&gt;&gt;</a>&nbsp;&nbsp;&nbsp;_btod_d2e
<LI><a href="#[f6]">&gt;&gt;</a>&nbsp;&nbsp;&nbsp;_btod_etento
<LI><a href="#[fa]">&gt;&gt;</a>&nbsp;&nbsp;&nbsp;_ll_udiv10
</UL>
<BR>[Called By]<UL><LI><a href="#[2f]">&gt;&gt;</a>&nbsp;&nbsp;&nbsp;_printf_fp_dec_real
</UL>

<P><STRONG><a name="[2a]"></a>_printf_input_char</STRONG> (Thumb, 10 bytes, Stack size 0 bytes, _printf_char_common.o(.text))
<BR>[Address Reference Count : 1]<UL><LI> _printf_char_common.o(.text)
</UL>
<P><STRONG><a name="[10e]"></a>btod_internal_mul</STRONG> (Thumb, 492 bytes, Stack size 56 bytes, btod.o(.text))
<BR><BR>[Stack]<UL><LI>Max Depth = 80<LI>Call Chain = btod_internal_mul &rArr; __ARM_common_ll_muluu
</UL>
<BR>[Calls]<UL><LI><a href="#[10f]">&gt;&gt;</a>&nbsp;&nbsp;&nbsp;__ARM_common_ll_muluu
</UL>
<BR>[Called By]<UL><LI><a href="#[110]">&gt;&gt;</a>&nbsp;&nbsp;&nbsp;_btod_emuld
<LI><a href="#[f9]">&gt;&gt;</a>&nbsp;&nbsp;&nbsp;_btod_emul
</UL>

<P><STRONG><a name="[111]"></a>btod_internal_div</STRONG> (Thumb, 520 bytes, Stack size 64 bytes, btod.o(.text))
<BR><BR>[Stack]<UL><LI>Max Depth = 64<LI>Call Chain = btod_internal_div
</UL>
<BR>[Called By]<UL><LI><a href="#[112]">&gt;&gt;</a>&nbsp;&nbsp;&nbsp;_btod_edivd
<LI><a href="#[f8]">&gt;&gt;</a>&nbsp;&nbsp;&nbsp;_btod_ediv
</UL>
<P>
<H3>
Undefined Global Symbols
</H3>
<P><STRONG><a name="[12d]"></a>_call_atexit_fns</STRONG> (ARM, 0 bytes, Stack size 0 bytes, UNDEFINED)
<BR><BR>[Called By]<UL><LI><a href="#[bc]">&gt;&gt;</a>&nbsp;&nbsp;&nbsp;exit
</UL>

<P><STRONG><a name="[ff]"></a>_printf_mbtowc</STRONG> (ARM, 0 bytes, Stack size 0 bytes, UNDEFINED)
<BR><BR>[Called By]<UL><LI><a href="#[fe]">&gt;&gt;</a>&nbsp;&nbsp;&nbsp;_printf_cs_common
</UL>

<P><STRONG><a name="[10d]"></a>_printf_wc</STRONG> (ARM, 0 bytes, Stack size 0 bytes, UNDEFINED)
<BR><BR>[Called By]<UL><LI><a href="#[10c]">&gt;&gt;</a>&nbsp;&nbsp;&nbsp;_printf_lcs_common
</UL>
<HR></body></html>
